Archive member included to satisfy reference by file (symbol)

/usr/lib/gcc/arm-none-eabi/10.2.0/../../../../arm-none-eabi/lib/thumb/v7e-m+fp/hard/libc.a(lib_a-atexit.o)
                              /usr/lib/gcc/arm-none-eabi/10.2.0/../../../../arm-none-eabi/lib/thumb/v7e-m+fp/hard/crt0.o (atexit)
/usr/lib/gcc/arm-none-eabi/10.2.0/../../../../arm-none-eabi/lib/thumb/v7e-m+fp/hard/libc.a(lib_a-ctype_.o)
                              build/internal.o (_ctype_)
/usr/lib/gcc/arm-none-eabi/10.2.0/../../../../arm-none-eabi/lib/thumb/v7e-m+fp/hard/libc.a(lib_a-exit.o)
                              /usr/lib/gcc/arm-none-eabi/10.2.0/../../../../arm-none-eabi/lib/thumb/v7e-m+fp/hard/crt0.o (exit)
/usr/lib/gcc/arm-none-eabi/10.2.0/../../../../arm-none-eabi/lib/thumb/v7e-m+fp/hard/libc.a(lib_a-fini.o)
                              /usr/lib/gcc/arm-none-eabi/10.2.0/../../../../arm-none-eabi/lib/thumb/v7e-m+fp/hard/crt0.o (__libc_fini_array)
/usr/lib/gcc/arm-none-eabi/10.2.0/../../../../arm-none-eabi/lib/thumb/v7e-m+fp/hard/libc.a(lib_a-impure.o)
                              /usr/lib/gcc/arm-none-eabi/10.2.0/../../../../arm-none-eabi/lib/thumb/v7e-m+fp/hard/libc.a(lib_a-exit.o) (_global_impure_ptr)
/usr/lib/gcc/arm-none-eabi/10.2.0/../../../../arm-none-eabi/lib/thumb/v7e-m+fp/hard/libc.a(lib_a-init.o)
                              /usr/lib/gcc/arm-none-eabi/10.2.0/../../../../arm-none-eabi/lib/thumb/v7e-m+fp/hard/crt0.o (__libc_init_array)
/usr/lib/gcc/arm-none-eabi/10.2.0/../../../../arm-none-eabi/lib/thumb/v7e-m+fp/hard/libc.a(lib_a-malloc.o)
                              build/memory.o (malloc)
/usr/lib/gcc/arm-none-eabi/10.2.0/../../../../arm-none-eabi/lib/thumb/v7e-m+fp/hard/libc.a(lib_a-mallocr.o)
                              /usr/lib/gcc/arm-none-eabi/10.2.0/../../../../arm-none-eabi/lib/thumb/v7e-m+fp/hard/libc.a(lib_a-malloc.o) (_malloc_r)
/usr/lib/gcc/arm-none-eabi/10.2.0/../../../../arm-none-eabi/lib/thumb/v7e-m+fp/hard/libc.a(lib_a-memcmp.o)
                              build/internal.o (memcmp)
/usr/lib/gcc/arm-none-eabi/10.2.0/../../../../arm-none-eabi/lib/thumb/v7e-m+fp/hard/libc.a(lib_a-memcpy.o)
                              build/queue.o (memcpy)
/usr/lib/gcc/arm-none-eabi/10.2.0/../../../../arm-none-eabi/lib/thumb/v7e-m+fp/hard/libc.a(lib_a-memmove.o)
                              build/internal.o (memmove)
/usr/lib/gcc/arm-none-eabi/10.2.0/../../../../arm-none-eabi/lib/thumb/v7e-m+fp/hard/libc.a(lib_a-memset.o)
                              /usr/lib/gcc/arm-none-eabi/10.2.0/../../../../arm-none-eabi/lib/thumb/v7e-m+fp/hard/crt0.o (memset)
/usr/lib/gcc/arm-none-eabi/10.2.0/../../../../arm-none-eabi/lib/thumb/v7e-m+fp/hard/libc.a(lib_a-mlock.o)
                              /usr/lib/gcc/arm-none-eabi/10.2.0/../../../../arm-none-eabi/lib/thumb/v7e-m+fp/hard/libc.a(lib_a-mallocr.o) (__malloc_lock)
/usr/lib/gcc/arm-none-eabi/10.2.0/../../../../arm-none-eabi/lib/thumb/v7e-m+fp/hard/libc.a(lib_a-printf.o)
                              build/benchmark.o (printf)
/usr/lib/gcc/arm-none-eabi/10.2.0/../../../../arm-none-eabi/lib/thumb/v7e-m+fp/hard/libc.a(lib_a-putchar.o)
                              build/benchmark.o (putchar)
/usr/lib/gcc/arm-none-eabi/10.2.0/../../../../arm-none-eabi/lib/thumb/v7e-m+fp/hard/libc.a(lib_a-putc.o)
                              /usr/lib/gcc/arm-none-eabi/10.2.0/../../../../arm-none-eabi/lib/thumb/v7e-m+fp/hard/libc.a(lib_a-putchar.o) (_putc_r)
/usr/lib/gcc/arm-none-eabi/10.2.0/../../../../arm-none-eabi/lib/thumb/v7e-m+fp/hard/libc.a(lib_a-puts.o)
                              build/benchmark.o (puts)
/usr/lib/gcc/arm-none-eabi/10.2.0/../../../../arm-none-eabi/lib/thumb/v7e-m+fp/hard/libc.a(lib_a-realloc.o)
                              build/memory.o (realloc)
/usr/lib/gcc/arm-none-eabi/10.2.0/../../../../arm-none-eabi/lib/thumb/v7e-m+fp/hard/libc.a(lib_a-reallocr.o)
                              /usr/lib/gcc/arm-none-eabi/10.2.0/../../../../arm-none-eabi/lib/thumb/v7e-m+fp/hard/libc.a(lib_a-realloc.o) (_realloc_r)
/usr/lib/gcc/arm-none-eabi/10.2.0/../../../../arm-none-eabi/lib/thumb/v7e-m+fp/hard/libc.a(lib_a-sbrkr.o)
                              /usr/lib/gcc/arm-none-eabi/10.2.0/../../../../arm-none-eabi/lib/thumb/v7e-m+fp/hard/libc.a(lib_a-mallocr.o) (_sbrk_r)
/usr/lib/gcc/arm-none-eabi/10.2.0/../../../../arm-none-eabi/lib/thumb/v7e-m+fp/hard/libc.a(lib_a-snprintf.o)
                              build/benchmark.o (snprintf)
/usr/lib/gcc/arm-none-eabi/10.2.0/../../../../arm-none-eabi/lib/thumb/v7e-m+fp/hard/libc.a(lib_a-strchr.o)
                              build/internal.o (strchr)
/usr/lib/gcc/arm-none-eabi/10.2.0/../../../../arm-none-eabi/lib/thumb/v7e-m+fp/hard/libc.a(lib_a-strcpy.o)
                              build/main.o (strcpy)
/usr/lib/gcc/arm-none-eabi/10.2.0/../../../../arm-none-eabi/lib/thumb/v7e-m+fp/hard/libc.a(lib_a-strlen.o)
                              build/internal.o (strlen)
[...]
Memory Configuration

Name             Origin             Length             Attributes
RAM              0x0000000020000000 0x0000000000018000 xrw
FLASH            0x0000000008000000 0x0000000000080000 xr
*default*        0x0000000000000000 0xffffffffffffffff

Linker script and memory map

LOAD /usr/lib/gcc/arm-none-eabi/10.2.0/thumb/v7e-m+fp/hard/crti.o
LOAD /usr/lib/gcc/arm-none-eabi/10.2.0/thumb/v7e-m+fp/hard/crtbegin.o
LOAD /usr/lib/gcc/arm-none-eabi/10.2.0/../../../../arm-none-eabi/lib/thumb/v7e-m+fp/hard/crt0.o
LOAD build/freertos.o
LOAD build/main.o
LOAD build/stm32f4xx_hal_msp.o
LOAD build/stm32f4xx_hal_timebase_tim.o
LOAD build/stm32f4xx_it.o
LOAD build/system_stm32f4xx.o
LOAD build/stm32f4xx_hal.o
LOAD build/stm32f4xx_hal_cortex.o
LOAD build/stm32f4xx_hal_dma.o
LOAD build/stm32f4xx_hal_dma_ex.o
LOAD build/stm32f4xx_hal_exti.o
LOAD build/stm32f4xx_hal_flash.o
LOAD build/stm32f4xx_hal_flash_ex.o
LOAD build/stm32f4xx_hal_flash_ramfunc.o
LOAD build/stm32f4xx_hal_gpio.o
LOAD build/stm32f4xx_hal_pwr.o
LOAD build/stm32f4xx_hal_pwr_ex.o
LOAD build/stm32f4xx_hal_rcc.o
LOAD build/stm32f4xx_hal_rcc_ex.o
LOAD build/stm32f4xx_hal_tim.o
LOAD build/stm32f4xx_hal_tim_ex.o
LOAD build/stm32f4xx_hal_uart.o
LOAD build/cmsis_os.o
LOAD build/croutine.o
LOAD build/event_groups.o
LOAD build/list.o
LOAD build/port.o
LOAD build/heap_4.o
LOAD build/queue.o
LOAD build/stream_buffer.o
LOAD build/tasks.o
LOAD build/timers.o
LOAD build/crl.o
LOAD build/internal.o
LOAD build/keys.o
LOAD build/ocsp.o
LOAD build/sniffer.o
LOAD build/ssl.o
LOAD build/tls.o
LOAD build/tls13.o
LOAD build/wolfio.o
LOAD build/benchmark.o
LOAD build/aes.o
LOAD build/arc4.o
LOAD build/asm.o
LOAD build/asn.o
LOAD build/blake2b.o
LOAD build/blake2s.o
LOAD build/camellia.o
LOAD build/chacha.o
LOAD build/chacha20_poly1305.o
LOAD build/cmac.o
LOAD build/coding.o
LOAD build/compress.o
LOAD build/cpuid.o
LOAD build/curve25519.o
LOAD build/curve448.o
LOAD build/des3.o
LOAD build/dh.o
LOAD build/dsa.o
LOAD build/ecc.o
LOAD build/ecc_fp.o
LOAD build/ed25519.o
LOAD build/ed448.o
LOAD build/error.o
LOAD build/fe_448.o
LOAD build/fe_low_mem.o
LOAD build/fe_operations.o
LOAD build/ge_448.o
LOAD build/ge_low_mem.o
LOAD build/ge_operations.o
LOAD build/hash.o
LOAD build/hc128.o
LOAD build/hmac.o
LOAD build/integer.o
LOAD build/logging.o
LOAD build/md2.o
LOAD build/md4.o
LOAD build/md5.o
LOAD build/memory.o
LOAD build/pkcs12.o
LOAD build/pkcs7.o
LOAD build/poly1305.o
LOAD build/armv8-32-curve25519.o
LOAD build/armv8-32-sha512-asm.o
LOAD build/armv8-aes.o
LOAD build/armv8-chacha.o
LOAD build/armv8-curve25519.o
LOAD build/armv8-poly1305.o
LOAD build/armv8-sha256.o
LOAD build/armv8-sha512.o
LOAD build/atmel.o
LOAD build/caam_aes.o
LOAD build/caam_driver.o
LOAD build/caam_init.o
LOAD build/caam_sha.o
LOAD build/nrf51.o
LOAD build/ksdk_port.o
LOAD build/pic32mz-crypt.o
LOAD build/stm32.o
LOAD build/stsafe.o
LOAD build/ti-aes.o
LOAD build/ti-ccm.o
LOAD build/ti-des3.o
LOAD build/ti-hash.o
LOAD build/xil-aesgcm.o
LOAD build/xil-sha3.o
LOAD build/pwdbased.o
LOAD build/rabbit.o
LOAD build/random.o
LOAD build/rc2.o
LOAD build/ripemd.o
LOAD build/rsa.o
LOAD build/sha.o
LOAD build/sha256.o
LOAD build/sha3.o
LOAD build/sha512.o
LOAD build/signature.o
LOAD build/sp_arm32.o
LOAD build/sp_arm64.o
LOAD build/sp_armthumb.o
LOAD build/sp_c32.o
LOAD build/sp_c64.o
LOAD build/sp_cortexm.o
LOAD build/sp_dsp32.o
LOAD build/sp_int.o
LOAD build/sp_x86_64.o
LOAD build/srp.o
LOAD build/tfm.o
LOAD build/wc_dsp.o
LOAD build/wc_encrypt.o
LOAD build/wc_pkcs11.o
LOAD build/wc_port.o
LOAD build/wolfevent.o
LOAD build/wolfmath.o
LOAD build/test.o
LOAD build/startup_stm32f401xe.o
LOAD /usr/lib/gcc/arm-none-eabi/10.2.0/../../../../arm-none-eabi/lib/thumb/v7e-m+fp/hard/libc.a
LOAD /usr/lib/gcc/arm-none-eabi/10.2.0/../../../../arm-none-eabi/lib/thumb/v7e-m+fp/hard/libm.a
LOAD /usr/lib/gcc/arm-none-eabi/10.2.0/../../../../arm-none-eabi/lib/thumb/v7e-m+fp/hard/libnosys.a
START GROUP
LOAD /usr/lib/gcc/arm-none-eabi/10.2.0/thumb/v7e-m+fp/hard/libgcc.a
LOAD /usr/lib/gcc/arm-none-eabi/10.2.0/../../../../arm-none-eabi/lib/thumb/v7e-m+fp/hard/libc.a
END GROUP
START GROUP
LOAD /usr/lib/gcc/arm-none-eabi/10.2.0/thumb/v7e-m+fp/hard/libgcc.a
LOAD /usr/lib/gcc/arm-none-eabi/10.2.0/../../../../arm-none-eabi/lib/thumb/v7e-m+fp/hard/libc.a
LOAD /usr/lib/gcc/arm-none-eabi/10.2.0/../../../../arm-none-eabi/lib/thumb/v7e-m+fp/hard/libnosys.a
END GROUP
LOAD /usr/lib/gcc/arm-none-eabi/10.2.0/thumb/v7e-m+fp/hard/crtend.o
LOAD /usr/lib/gcc/arm-none-eabi/10.2.0/thumb/v7e-m+fp/hard/crtn.o
                0x0000000020018000                _estack = 0x20018000
                0x0000000000000200                _Min_Heap_Size = 0x200
                0x0000000000000400                _Min_Stack_Size = 0x400

.isr_vector     0x0000000008000000      0x194
                0x0000000008000000                . = ALIGN (0x4)
 *(.isr_vector)
 .isr_vector    0x0000000008000000      0x194 build/startup_stm32f401xe.o
                0x0000000008000000                g_pfnVectors
                0x0000000008000194                . = ALIGN (0x4)

.text           0x00000000080001a0     0x59ec
                0x00000000080001a0                . = ALIGN (0x4)
 *(.text)
 .text          0x00000000080001a0      0x134 /usr/lib/gcc/arm-none-eabi/10.2.0/../../../../arm-none-eabi/lib/thumb/v7e-m+fp/hard/libc.a(lib_a-memcpy.o)
                0x00000000080001a0                memcpy
 .text          0x00000000080002d4       0x30 /usr/lib/gcc/arm-none-eabi/10.2.0/thumb/v7e-m+fp/hard/libgcc.a(_aeabi_uldivmod.o)
                0x00000000080002d4                __aeabi_uldivmod
 .text          0x0000000008000304        0x4 /usr/lib/gcc/arm-none-eabi/10.2.0/thumb/v7e-m+fp/hard/libgcc.a(_dvmd_tls.o)
                0x0000000008000304                __aeabi_ldiv0
                0x0000000008000304                __aeabi_idiv0
 *(.text*)
 .text.__do_global_dtors_aux
                0x0000000008000308       0x24 /usr/lib/gcc/arm-none-eabi/10.2.0/thumb/v7e-m+fp/hard/crtbegin.o
 .text.frame_dummy
                0x000000000800032c       0x1c /usr/lib/gcc/arm-none-eabi/10.2.0/thumb/v7e-m+fp/hard/crtbegin.o
 .text.vApplicationGetIdleTaskMemory
                0x0000000008000348       0x18 build/freertos.o
                0x0000000008000348                vApplicationGetIdleTaskMemory
 .text.MX_GPIO_Init
                0x0000000008000360       0xac build/main.o
 .text.StartDefaultTask
                0x000000000800040c       0xb4 build/main.o
                0x000000000800040c                StartDefaultTask
 .text.HAL_TIM_PeriodElapsedCallback
                0x00000000080004c0       0x18 build/main.o
                0x00000000080004c0                HAL_TIM_PeriodElapsedCallback
 .text.Error_Handler
                0x00000000080004d8        0x4 build/main.o
                0x00000000080004d8                Error_Handler
 .text.MX_USART2_UART_Init
                0x00000000080004dc       0x34 build/main.o
 .text.SystemClock_Config
                0x0000000008000510       0xa4 build/main.o
                0x0000000008000510                SystemClock_Config
 .text.main     0x00000000080005b4       0x44 build/main.o
                0x00000000080005b4                main
 .text.HAL_MspInit
                0x00000000080005f8       0x44 build/stm32f4xx_hal_msp.o
                0x00000000080005f8                HAL_MspInit
 .text.HAL_UART_MspInit
                0x000000000800063c       0x6c build/stm32f4xx_hal_msp.o
                0x000000000800063c                HAL_UART_MspInit
 .text.HAL_InitTick
                0x00000000080006a8       0x78 build/stm32f4xx_hal_timebase_tim.o
                0x00000000080006a8                HAL_InitTick
 .text.NMI_Handler
                0x0000000008000720        0x2 build/stm32f4xx_it.o
                0x0000000008000720                NMI_Handler
 .text.HardFault_Handler
                0x0000000008000722        0x2 build/stm32f4xx_it.o
                0x0000000008000722                HardFault_Handler
 .text.MemManage_Handler
                0x0000000008000724        0x2 build/stm32f4xx_it.o
                0x0000000008000724                MemManage_Handler
 .text.BusFault_Handler
                0x0000000008000726        0x2 build/stm32f4xx_it.o
                0x0000000008000726                BusFault_Handler
 .text.UsageFault_Handler
                0x0000000008000728        0x2 build/stm32f4xx_it.o
                0x0000000008000728                UsageFault_Handler
 .text.DebugMon_Handler
                0x000000000800072a        0x2 build/stm32f4xx_it.o
                0x000000000800072a                DebugMon_Handler
 .text.TIM1_UP_TIM10_IRQHandler
                0x000000000800072c       0x10 build/stm32f4xx_it.o
                0x000000000800072c                TIM1_UP_TIM10_IRQHandler
 .text.SystemInit
                0x000000000800073c       0x1c build/system_stm32f4xx.o
                0x000000000800073c                SystemInit
 .text.HAL_Init
                0x0000000008000758       0x34 build/stm32f4xx_hal.o
                0x0000000008000758                HAL_Init
 .text.HAL_IncTick
                0x000000000800078c       0x18 build/stm32f4xx_hal.o
                0x000000000800078c                HAL_IncTick
 .text.HAL_GetTick
                0x00000000080007a4        0xc build/stm32f4xx_hal.o
                0x00000000080007a4                HAL_GetTick
 .text.HAL_NVIC_SetPriorityGrouping
                0x00000000080007b0       0x24 build/stm32f4xx_hal_cortex.o
                0x00000000080007b0                HAL_NVIC_SetPriorityGrouping
 .text.HAL_NVIC_SetPriority
                0x00000000080007d4       0x70 build/stm32f4xx_hal_cortex.o
                0x00000000080007d4                HAL_NVIC_SetPriority
 .text.HAL_NVIC_EnableIRQ
                0x0000000008000844       0x1c build/stm32f4xx_hal_cortex.o
                0x0000000008000844                HAL_NVIC_EnableIRQ
 .text.HAL_GPIO_Init
                0x0000000008000860      0x1ac build/stm32f4xx_hal_gpio.o
                0x0000000008000860                HAL_GPIO_Init
 .text.HAL_GPIO_WritePin
                0x0000000008000a0c        0xc build/stm32f4xx_hal_gpio.o
                0x0000000008000a0c                HAL_GPIO_WritePin
 .text.HAL_RCC_OscConfig
                0x0000000008000a18      0x3ec build/stm32f4xx_hal_rcc.o
                0x0000000008000a18                HAL_RCC_OscConfig
 .text.HAL_RCC_GetSysClockFreq
                0x0000000008000e04       0xd4 build/stm32f4xx_hal_rcc.o
                0x0000000008000e04                HAL_RCC_GetSysClockFreq
 .text.HAL_RCC_ClockConfig
                0x0000000008000ed8      0x160 build/stm32f4xx_hal_rcc.o
                0x0000000008000ed8                HAL_RCC_ClockConfig
 .text.HAL_RCC_GetHCLKFreq
                0x0000000008001038        0xc build/stm32f4xx_hal_rcc.o
                0x0000000008001038                HAL_RCC_GetHCLKFreq
 .text.HAL_RCC_GetPCLK1Freq
                0x0000000008001044       0x20 build/stm32f4xx_hal_rcc.o
                0x0000000008001044                HAL_RCC_GetPCLK1Freq
 .text.HAL_RCC_GetPCLK2Freq
                0x0000000008001064       0x20 build/stm32f4xx_hal_rcc.o
                0x0000000008001064                HAL_RCC_GetPCLK2Freq
 .text.HAL_RCC_GetClockConfig
                0x0000000008001084       0x3c build/stm32f4xx_hal_rcc.o
                0x0000000008001084                HAL_RCC_GetClockConfig
 .text.HAL_TIM_Base_MspInit
                0x00000000080010c0        0x2 build/stm32f4xx_hal_tim.o
                0x00000000080010c0                HAL_TIM_Base_MspInit
 .text.HAL_TIM_Base_Start_IT
                0x00000000080010c2       0x22 build/stm32f4xx_hal_tim.o
                0x00000000080010c2                HAL_TIM_Base_Start_IT
 .text.HAL_TIM_OC_DelayElapsedCallback
                0x00000000080010e4        0x2 build/stm32f4xx_hal_tim.o
                0x00000000080010e4                HAL_TIM_OC_DelayElapsedCallback
 .text.HAL_TIM_IC_CaptureCallback
                0x00000000080010e6        0x2 build/stm32f4xx_hal_tim.o
                0x00000000080010e6                HAL_TIM_IC_CaptureCallback
 .text.HAL_TIM_PWM_PulseFinishedCallback
                0x00000000080010e8        0x2 build/stm32f4xx_hal_tim.o
                0x00000000080010e8                HAL_TIM_PWM_PulseFinishedCallback
 .text.HAL_TIM_TriggerCallback
                0x00000000080010ea        0x2 build/stm32f4xx_hal_tim.o
                0x00000000080010ea                HAL_TIM_TriggerCallback
 .text.HAL_TIM_IRQHandler
                0x00000000080010ec      0x17a build/stm32f4xx_hal_tim.o
                0x00000000080010ec                HAL_TIM_IRQHandler
 *fill*         0x0000000008001266        0x2 
 .text.TIM_Base_SetConfig
                0x0000000008001268       0x9c build/stm32f4xx_hal_tim.o
                0x0000000008001268                TIM_Base_SetConfig
 .text.HAL_TIM_Base_Init
                0x0000000008001304       0x34 build/stm32f4xx_hal_tim.o
                0x0000000008001304                HAL_TIM_Base_Init
 .text.HAL_TIMEx_CommutCallback
                0x0000000008001338        0x2 build/stm32f4xx_hal_tim_ex.o
                0x0000000008001338                HAL_TIMEx_CommutCallback
 .text.HAL_TIMEx_BreakCallback
                0x000000000800133a        0x2 build/stm32f4xx_hal_tim_ex.o
                0x000000000800133a                HAL_TIMEx_BreakCallback
 .text.UART_SetConfig
                0x000000000800133c      0x1d4 build/stm32f4xx_hal_uart.o
 .text.UART_WaitOnFlagUntilTimeout
                0x0000000008001510       0x6c build/stm32f4xx_hal_uart.o
 .text.HAL_UART_Init
                0x000000000800157c       0x5e build/stm32f4xx_hal_uart.o
                0x000000000800157c                HAL_UART_Init
 .text.HAL_UART_Transmit
                0x00000000080015da       0xe0 build/stm32f4xx_hal_uart.o
                0x00000000080015da                HAL_UART_Transmit
 .text.makeFreeRtosPriority
                0x00000000080016ba        0xc build/cmsis_os.o
 .text.osKernelStart
                0x00000000080016c6        0xa build/cmsis_os.o
                0x00000000080016c6                osKernelStart
 .text.osThreadCreate
                0x00000000080016d0       0x6a build/cmsis_os.o
                0x00000000080016d0                osThreadCreate
 .text.osDelay  0x000000000800173a        0xe build/cmsis_os.o
                0x000000000800173a                osDelay
 .text.vListInitialise
                0x0000000008001748       0x16 build/list.o
                0x0000000008001748                vListInitialise
 .text.vListInitialiseItem
                0x000000000800175e        0x6 build/list.o
                0x000000000800175e                vListInitialiseItem
 .text.vListInsertEnd
                0x0000000008001764       0x16 build/list.o
                0x0000000008001764                vListInsertEnd
 .text.vListInsert
                0x000000000800177a       0x32 build/list.o
                0x000000000800177a                vListInsert
 .text.uxListRemove
                0x00000000080017ac       0x26 build/list.o
                0x00000000080017ac                uxListRemove
 *fill*         0x00000000080017d2        0x2 
 .text.prvTaskExitError
                0x00000000080017d4       0x40 build/port.o
 .text.prvPortStartFirstTask
                0x0000000008001814       0x28 build/port.o
 .text.vPortEnableVFP
                0x000000000800183c       0x14 build/port.o
 .text.pxPortInitialiseStack
                0x0000000008001850       0x2c build/port.o
                0x0000000008001850                pxPortInitialiseStack
 *fill*         0x000000000800187c        0x4 
 .text.SVC_Handler
                0x0000000008001880       0x24 build/port.o
                0x0000000008001880                SVC_Handler
 .text.vPortEnterCritical
                0x00000000080018a4       0x44 build/port.o
                0x00000000080018a4                vPortEnterCritical
 .text.vPortExitCritical
                0x00000000080018e8       0x2c build/port.o
                0x00000000080018e8                vPortExitCritical
 *fill*         0x0000000008001914        0xc 
 .text.PendSV_Handler
                0x0000000008001920       0x64 build/port.o
                0x0000000008001920                PendSV_Handler
 .text.SysTick_Handler
                0x0000000008001984       0x2c build/port.o
                0x0000000008001984                SysTick_Handler
 .text.vPortSetupTimerInterrupt
                0x00000000080019b0       0x28 build/port.o
                0x00000000080019b0                vPortSetupTimerInterrupt
 .text.xPortStartScheduler
                0x00000000080019d8      0x118 build/port.o
                0x00000000080019d8                xPortStartScheduler
 .text.prvHeapInit
                0x0000000008001af0       0x64 build/heap_4.o
 .text.prvInsertBlockIntoFreeList
                0x0000000008001b54       0x64 build/heap_4.o
 .text.pvPortMalloc
                0x0000000008001bb8       0xf0 build/heap_4.o
                0x0000000008001bb8                pvPortMalloc
 .text.vPortFree
                0x0000000008001ca8       0x70 build/heap_4.o
                0x0000000008001ca8                vPortFree
 .text.prvResetNextTaskUnblockTime
                0x0000000008001d18       0x2c build/tasks.o
 .text.prvInitialiseNewTask
                0x0000000008001d44       0xa2 build/tasks.o
 *fill*         0x0000000008001de6        0x2 
 .text.prvInitialiseTaskLists
                0x0000000008001de8       0x68 build/tasks.o
 .text.prvAddNewTaskToReadyList
                0x0000000008001e50       0xa8 build/tasks.o
 .text.prvDeleteTCB
                0x0000000008001ef8       0x38 build/tasks.o
 .text.prvCheckTasksWaitingTermination
                0x0000000008001f30       0x4c build/tasks.o
 .text.prvIdleTask
                0x0000000008001f7c       0x28 build/tasks.o
 .text.prvAddCurrentTaskToDelayedList
                0x0000000008001fa4       0x98 build/tasks.o
 .text.xTaskCreateStatic
                0x000000000800203c       0x76 build/tasks.o
                0x000000000800203c                xTaskCreateStatic
 .text.xTaskCreate
                0x00000000080020b2       0x68 build/tasks.o
                0x00000000080020b2                xTaskCreate
 *fill*         0x000000000800211a        0x2 
 .text.vTaskStartScheduler
                0x000000000800211c       0x74 build/tasks.o
                0x000000000800211c                vTaskStartScheduler
 .text.vTaskSuspendAll
                0x0000000008002190       0x10 build/tasks.o
                0x0000000008002190                vTaskSuspendAll
 .text.xTaskIncrementTick
                0x00000000080021a0      0x118 build/tasks.o
                0x00000000080021a0                xTaskIncrementTick
 .text.xTaskResumeAll
                0x00000000080022b8       0xf8 build/tasks.o
                0x00000000080022b8                xTaskResumeAll
 .text.vTaskDelay
                0x00000000080023b0       0x4c build/tasks.o
                0x00000000080023b0                vTaskDelay
 .text.vTaskSwitchContext
                0x00000000080023fc       0x98 build/tasks.o
                0x00000000080023fc                vTaskSwitchContext
 .text.wc_AesEncrypt
                0x0000000008002494      0xe04 build/aes.o
 .text.wc_AesDecrypt
                0x0000000008003298      0xd9c build/aes.o
 .text.wc_AesSetIV
                0x0000000008004034       0x44 build/aes.o
                0x0000000008004034                wc_AesSetIV
 .text.wc_AesSetKeyLocal
                0x0000000008004078      0x478 build/aes.o
 .text.wc_AesSetKey
                0x00000000080044f0       0x2c build/aes.o
                0x00000000080044f0                wc_AesSetKey
 .text.wc_AesCbcEncrypt
                0x000000000800451c       0x8e build/aes.o
                0x000000000800451c                wc_AesCbcEncrypt
 .text.wc_AesCbcDecrypt
                0x00000000080045aa       0xc2 build/aes.o
                0x00000000080045aa                wc_AesCbcDecrypt
 .text.Hash_DRBG_Uninstantiate
                0x000000000800466c       0x2e build/random.o
 .text.Hash_df  0x000000000800469a      0x136 build/random.o
 .text.Hash_DRBG_Reseed
                0x00000000080047d0       0xba build/random.o
 .text.Hash_DRBG_Instantiate
                0x000000000800488a       0x66 build/random.o
 .text.Hash_gen
                0x00000000080048f0      0x134 build/random.o
 .text.Hash_DRBG_Generate
                0x0000000008004a24      0x160 build/random.o
 .text.wc_RNG_TestSeed
                0x0000000008004b84       0x52 build/random.o
                0x0000000008004b84                wc_RNG_TestSeed
 .text.wc_RNG_HealthTest_ex
                0x0000000008004bd6       0xc6 build/random.o
                0x0000000008004bd6                wc_RNG_HealthTest_ex
 .text.wc_RNG_HealthTest
                0x0000000008004c9c       0x2c build/random.o
                0x0000000008004c9c                wc_RNG_HealthTest
 .text.wc_RNG_HealthTestLocal
                0x0000000008004cc8       0xf8 build/random.o
 .text.wc_GenerateSeed
                0x0000000008004dc0       0x10 build/random.o
                0x0000000008004dc0                wc_GenerateSeed
 .text._InitRng
                0x0000000008004dd0       0xda build/random.o
 .text.wc_InitRng
                0x0000000008004eaa       0x1a build/random.o
                0x0000000008004eaa                wc_InitRng
 .text.wc_RNG_GenerateBlock
                0x0000000008004ec4       0xbc build/random.o
                0x0000000008004ec4                wc_RNG_GenerateBlock
 .text.InitSha256
                0x0000000008004f80       0x64 build/sha256.o
 .text.Transform_Sha256
                0x0000000008004fe4      0x374 build/sha256.o
 .text.wc_InitSha256_ex
                0x0000000008005358       0x12 build/sha256.o
                0x0000000008005358                wc_InitSha256_ex
 .text.wc_Sha256Update
                0x000000000800536a      0x15c build/sha256.o
                0x000000000800536a                wc_Sha256Update
 .text.wc_Sha256Final
                0x00000000080054c6      0x11e build/sha256.o
                0x00000000080054c6                wc_Sha256Final
 .text.wc_InitSha256
                0x00000000080055e4        0xe build/sha256.o
                0x00000000080055e4                wc_InitSha256
 .text.wc_Sha256Free
                0x00000000080055f2        0x2 build/sha256.o
                0x00000000080055f2                wc_Sha256Free
 .text.Reset_Handler
                0x00000000080055f4       0x50 build/startup_stm32f401xe.o
                0x00000000080055f4                Reset_Handler
 .text.Default_Handler
                0x0000000008005644        0x2 build/startup_stm32f401xe.o
                0x0000000008005644                RTC_Alarm_IRQHandler
                0x0000000008005644                EXTI2_IRQHandler
                0x0000000008005644                SPI4_IRQHandler
                0x0000000008005644                TIM1_CC_IRQHandler
                0x0000000008005644                DMA2_Stream5_IRQHandler
                0x0000000008005644                DMA1_Stream5_IRQHandler
                0x0000000008005644                PVD_IRQHandler
                0x0000000008005644                SDIO_IRQHandler
                0x0000000008005644                TAMP_STAMP_IRQHandler
                0x0000000008005644                EXTI3_IRQHandler
                0x0000000008005644                I2C3_ER_IRQHandler
                0x0000000008005644                EXTI0_IRQHandler
                0x0000000008005644                I2C2_EV_IRQHandler
                0x0000000008005644                DMA1_Stream2_IRQHandler
                0x0000000008005644                FPU_IRQHandler
                0x0000000008005644                DMA2_Stream2_IRQHandler
                0x0000000008005644                SPI1_IRQHandler
                0x0000000008005644                TIM1_BRK_TIM9_IRQHandler
                0x0000000008005644                DMA2_Stream3_IRQHandler
                0x0000000008005644                USART6_IRQHandler
                0x0000000008005644                DMA2_Stream0_IRQHandler
                0x0000000008005644                TIM4_IRQHandler
                0x0000000008005644                I2C1_EV_IRQHandler
                0x0000000008005644                DMA1_Stream6_IRQHandler
                0x0000000008005644                DMA1_Stream1_IRQHandler
                0x0000000008005644                TIM3_IRQHandler
                0x0000000008005644                RCC_IRQHandler
                0x0000000008005644                Default_Handler
                0x0000000008005644                EXTI15_10_IRQHandler
                0x0000000008005644                ADC_IRQHandler
                0x0000000008005644                DMA1_Stream7_IRQHandler
                0x0000000008005644                TIM5_IRQHandler
                0x0000000008005644                DMA2_Stream7_IRQHandler
                0x0000000008005644                I2C3_EV_IRQHandler
                0x0000000008005644                EXTI9_5_IRQHandler
                0x0000000008005644                RTC_WKUP_IRQHandler
                0x0000000008005644                SPI2_IRQHandler
                0x0000000008005644                DMA1_Stream0_IRQHandler
                0x0000000008005644                EXTI4_IRQHandler
                0x0000000008005644                WWDG_IRQHandler
                0x0000000008005644                TIM2_IRQHandler
                0x0000000008005644                OTG_FS_WKUP_IRQHandler
                0x0000000008005644                TIM1_TRG_COM_TIM11_IRQHandler
                0x0000000008005644                EXTI1_IRQHandler
                0x0000000008005644                USART2_IRQHandler
                0x0000000008005644                I2C2_ER_IRQHandler
                0x0000000008005644                DMA2_Stream1_IRQHandler
                0x0000000008005644                FLASH_IRQHandler
                0x0000000008005644                DMA2_Stream4_IRQHandler
                0x0000000008005644                USART1_IRQHandler
                0x0000000008005644                OTG_FS_IRQHandler
                0x0000000008005644                SPI3_IRQHandler
                0x0000000008005644                DMA1_Stream4_IRQHandler
                0x0000000008005644                I2C1_ER_IRQHandler
                0x0000000008005644                DMA2_Stream6_IRQHandler
                0x0000000008005644                DMA1_Stream3_IRQHandler
 *fill*         0x0000000008005646        0x2 
 .text.atexit   0x0000000008005648        0xc /usr/lib/gcc/arm-none-eabi/10.2.0/../../../../arm-none-eabi/lib/thumb/v7e-m+fp/hard/libc.a(lib_a-atexit.o)
                0x0000000008005648                atexit
 .text.__libc_fini_array
                0x0000000008005654       0x2c /usr/lib/gcc/arm-none-eabi/10.2.0/../../../../arm-none-eabi/lib/thumb/v7e-m+fp/hard/libc.a(lib_a-fini.o)
                0x0000000008005654                __libc_fini_array
 .text.__libc_init_array
                0x0000000008005680       0x48 /usr/lib/gcc/arm-none-eabi/10.2.0/../../../../arm-none-eabi/lib/thumb/v7e-m+fp/hard/libc.a(lib_a-init.o)
                0x0000000008005680                __libc_init_array
 .text.memset   0x00000000080056c8       0xa4 /usr/lib/gcc/arm-none-eabi/10.2.0/../../../../arm-none-eabi/lib/thumb/v7e-m+fp/hard/libc.a(lib_a-memset.o)
                0x00000000080056c8                memset
 .text.strcpy   0x000000000800576c       0xbc /usr/lib/gcc/arm-none-eabi/10.2.0/../../../../arm-none-eabi/lib/thumb/v7e-m+fp/hard/libc.a(lib_a-strcpy.o)
                0x000000000800576c                strcpy
 .text.__register_exitproc
                0x0000000008005828       0x84 /usr/lib/gcc/arm-none-eabi/10.2.0/../../../../arm-none-eabi/lib/thumb/v7e-m+fp/hard/libc.a(lib_a-__atexit.o)
                0x0000000008005828                __register_exitproc
 .text.startup.register_fini
                0x00000000080058ac       0x14 /usr/lib/gcc/arm-none-eabi/10.2.0/../../../../arm-none-eabi/lib/thumb/v7e-m+fp/hard/libc.a(lib_a-__call_atexit.o)
 .text.__retarget_lock_acquire_recursive
                0x00000000080058c0        0x4 /usr/lib/gcc/arm-none-eabi/10.2.0/../../../../arm-none-eabi/lib/thumb/v7e-m+fp/hard/libc.a(lib_a-lock.o)
                0x00000000080058c0                __retarget_lock_acquire_recursive
 .text.__retarget_lock_release_recursive
                0x00000000080058c4        0x4 /usr/lib/gcc/arm-none-eabi/10.2.0/../../../../arm-none-eabi/lib/thumb/v7e-m+fp/hard/libc.a(lib_a-lock.o)
                0x00000000080058c4                __retarget_lock_release_recursive
 .text.__udivmoddi4
                0x00000000080058c8      0x2aa /usr/lib/gcc/arm-none-eabi/10.2.0/thumb/v7e-m+fp/hard/libgcc.a(_udivmoddi4.o)
                0x00000000080058c8                __udivmoddi4
 *(.glue_7)
 .glue_7        0x0000000008005b72        0x0 linker stubs
 *(.glue_7t)
 .glue_7t       0x0000000008005b72        0x0 linker stubs
 *(.eh_frame)
 *fill*         0x0000000008005b72        0x2 
 .eh_frame      0x0000000008005b74        0x0 /usr/lib/gcc/arm-none-eabi/10.2.0/thumb/v7e-m+fp/hard/crtbegin.o
 *(.init)
 .init          0x0000000008005b74        0x4 /usr/lib/gcc/arm-none-eabi/10.2.0/thumb/v7e-m+fp/hard/crti.o
                0x0000000008005b74                _init
 .init          0x0000000008005b78        0x8 /usr/lib/gcc/arm-none-eabi/10.2.0/thumb/v7e-m+fp/hard/crtn.o
 *(.fini)
 .fini          0x0000000008005b80        0x4 /usr/lib/gcc/arm-none-eabi/10.2.0/thumb/v7e-m+fp/hard/crti.o
                0x0000000008005b80                _fini
 .fini          0x0000000008005b84        0x8 /usr/lib/gcc/arm-none-eabi/10.2.0/thumb/v7e-m+fp/hard/crtn.o
                0x0000000008005b8c                . = ALIGN (0x4)
                0x0000000008005b8c                _etext = .

.vfp11_veneer   0x0000000008005b8c        0x0
 .vfp11_veneer  0x0000000008005b8c        0x0 linker stubs

.v4_bx          0x0000000008005b8c        0x0
 .v4_bx         0x0000000008005b8c        0x0 linker stubs

.iplt           0x0000000008005b8c        0x0
 .iplt          0x0000000008005b8c        0x0 /usr/lib/gcc/arm-none-eabi/10.2.0/thumb/v7e-m+fp/hard/crtbegin.o

.rodata         0x0000000008005b8c     0x2418
                0x0000000008005b8c                . = ALIGN (0x4)
 *(.rodata)
 .rodata        0x0000000008005b8c       0x1c build/main.o
 *(.rodata*)
 .rodata.str1.4
                0x0000000008005ba8        0xc build/main.o
 .rodata.StartDefaultTask.str1.4
                0x0000000008005bb4       0x24 build/main.o
 .rodata.AHBPrescTable
                0x0000000008005bd8       0x10 build/system_stm32f4xx.o
                0x0000000008005bd8                AHBPrescTable
 .rodata.APBPrescTable
                0x0000000008005be8        0x8 build/system_stm32f4xx.o
                0x0000000008005be8                APBPrescTable
 .rodata.vTaskStartScheduler.str1.4
                0x0000000008005bf0        0x5 build/tasks.o
 *fill*         0x0000000008005bf5        0x3 
 .rodata.Td     0x0000000008005bf8     0x1000 build/aes.o
 .rodata.Td4    0x0000000008006bf8      0x100 build/aes.o
 .rodata.Te     0x0000000008006cf8     0x1000 build/aes.o
 .rodata.rcon   0x0000000008007cf8       0x28 build/aes.o
 .rodata.outputA_data
                0x0000000008007d20       0x80 build/random.o
                0x0000000008007d20                outputA_data
 .rodata.outputB_data
                0x0000000008007da0       0x80 build/random.o
                0x0000000008007da0                outputB_data
 .rodata.reseedSeedA_data
                0x0000000008007e20       0x20 build/random.o
                0x0000000008007e20                reseedSeedA_data
 .rodata.seedA_data
                0x0000000008007e40       0x30 build/random.o
                0x0000000008007e40                seedA_data
 .rodata.seedB_data
                0x0000000008007e70       0x30 build/random.o
                0x0000000008007e70                seedB_data
 .rodata.K      0x0000000008007ea0      0x100 build/sha256.o
 .rodata._global_impure_ptr
                0x0000000008007fa0        0x4 /usr/lib/gcc/arm-none-eabi/10.2.0/../../../../arm-none-eabi/lib/thumb/v7e-m+fp/hard/libc.a(lib_a-impure.o)
                0x0000000008007fa0                _global_impure_ptr
                0x0000000008007fa4                . = ALIGN (0x4)

.ARM.extab
 *(.ARM.extab* .gnu.linkonce.armextab.*)

.ARM            0x0000000008007fa4        0x8
                0x0000000008007fa4                __exidx_start = .
 *(.ARM.exidx*)
 .ARM.exidx.text.__udivmoddi4
                0x0000000008007fa4        0x8 /usr/lib/gcc/arm-none-eabi/10.2.0/thumb/v7e-m+fp/hard/libgcc.a(_udivmoddi4.o)
                0x0000000008007fac                __exidx_end = .

.rel.dyn        0x0000000008007fac        0x0
 .rel.iplt      0x0000000008007fac        0x0 /usr/lib/gcc/arm-none-eabi/10.2.0/thumb/v7e-m+fp/hard/crtbegin.o

.preinit_array  0x0000000008007fac        0x0
                0x0000000008007fac                PROVIDE (__preinit_array_start = .)
 *(.preinit_array*)
                0x0000000008007fac                PROVIDE (__preinit_array_end = .)

.init_array     0x0000000008007fac        0x8
                0x0000000008007fac                PROVIDE (__init_array_start = .)
 *(SORT_BY_NAME(.init_array.*))
 .init_array.00000
                0x0000000008007fac        0x4 /usr/lib/gcc/arm-none-eabi/10.2.0/../../../../arm-none-eabi/lib/thumb/v7e-m+fp/hard/libc.a(lib_a-__call_atexit.o)
 *(.init_array*)
 .init_array    0x0000000008007fb0        0x4 /usr/lib/gcc/arm-none-eabi/10.2.0/thumb/v7e-m+fp/hard/crtbegin.o
                0x0000000008007fb4                PROVIDE (__init_array_end = .)

.fini_array     0x0000000008007fb4        0x4
                0x0000000008007fb4                PROVIDE (__fini_array_start = .)
 *(SORT_BY_NAME(.fini_array.*))
 *(.fini_array*)
 .fini_array    0x0000000008007fb4        0x4 /usr/lib/gcc/arm-none-eabi/10.2.0/thumb/v7e-m+fp/hard/crtbegin.o
                0x0000000008007fb8                PROVIDE (__fini_array_end = .)
                0x0000000008007fb8                _sidata = LOADADDR (.data)

.data           0x0000000020000000      0x43c load address 0x0000000008007fb8
                0x0000000020000000                . = ALIGN (0x4)
                0x0000000020000000                _sdata = .
 *(.data)
 *(.data*)
 .data.SystemCoreClock
                0x0000000020000000        0x4 build/system_stm32f4xx.o
                0x0000000020000000                SystemCoreClock
 .data.uwTickFreq
                0x0000000020000004        0x1 build/stm32f4xx_hal.o
                0x0000000020000004                uwTickFreq
 *fill*         0x0000000020000005        0x3 
 .data.uwTickPrio
                0x0000000020000008        0x4 build/stm32f4xx_hal.o
                0x0000000020000008                uwTickPrio
 .data.uxCriticalNesting
                0x000000002000000c        0x4 build/port.o
 .data.impure_data
                0x0000000020000010      0x428 /usr/lib/gcc/arm-none-eabi/10.2.0/../../../../arm-none-eabi/lib/thumb/v7e-m+fp/hard/libc.a(lib_a-impure.o)
 .data.__atexit_recursive_mutex
                0x0000000020000438        0x4 /usr/lib/gcc/arm-none-eabi/10.2.0/../../../../arm-none-eabi/lib/thumb/v7e-m+fp/hard/libc.a(lib_a-__call_atexit.o)
                0x0000000020000438                __atexit_recursive_mutex
                0x000000002000043c                . = ALIGN (0x4)
                0x000000002000043c                _edata = .

.igot.plt       0x000000002000043c        0x0 load address 0x00000000080083f4
 .igot.plt      0x000000002000043c        0x0 /usr/lib/gcc/arm-none-eabi/10.2.0/thumb/v7e-m+fp/hard/crtbegin.o
                0x000000002000043c                . = ALIGN (0x4)

.bss            0x000000002000043c     0x4048 load address 0x00000000080083f4
                0x000000002000043c                _sbss = .
                0x000000002000043c                __bss_start__ = _sbss
 *(.bss)
 *(.bss*)
 .bss.completed.1
                0x000000002000043c        0x1 /usr/lib/gcc/arm-none-eabi/10.2.0/thumb/v7e-m+fp/hard/crtbegin.o
 *fill*         0x000000002000043d        0x3 
 .bss.object.0  0x0000000020000440       0x18 /usr/lib/gcc/arm-none-eabi/10.2.0/thumb/v7e-m+fp/hard/crtbegin.o
 .bss.xIdleStack
                0x0000000020000458      0x200 build/freertos.o
 .bss.xIdleTaskTCBBuffer
                0x0000000020000658       0x54 build/freertos.o
 .bss.defaultTaskHandle
                0x00000000200006ac        0x4 build/main.o
                0x00000000200006ac                defaultTaskHandle
 .bss.huart2    0x00000000200006b0       0x40 build/main.o
                0x00000000200006b0                huart2
 .bss.htim1     0x00000000200006f0       0x40 build/stm32f4xx_hal_timebase_tim.o
                0x00000000200006f0                htim1
 .bss.uwTick    0x0000000020000730        0x4 build/stm32f4xx_hal.o
                0x0000000020000730                uwTick
 .bss.ucMaxSysCallPriority
                0x0000000020000734        0x1 build/port.o
 *fill*         0x0000000020000735        0x3 
 .bss.ulMaxPRIGROUPValue
                0x0000000020000738        0x4 build/port.o
 .bss.pxEnd     0x000000002000073c        0x4 build/heap_4.o
 .bss.ucHeap    0x0000000020000740     0x3c00 build/heap_4.o
 .bss.xBlockAllocatedBit
                0x0000000020004340        0x4 build/heap_4.o
 .bss.xFreeBytesRemaining
                0x0000000020004344        0x4 build/heap_4.o
 .bss.xMinimumEverFreeBytesRemaining
                0x0000000020004348        0x4 build/heap_4.o
 .bss.xStart    0x000000002000434c        0x8 build/heap_4.o
 .bss.pxCurrentTCB
                0x0000000020004354        0x4 build/tasks.o
                0x0000000020004354                pxCurrentTCB
 .bss.pxDelayedTaskList
                0x0000000020004358        0x4 build/tasks.o
 .bss.pxOverflowDelayedTaskList
                0x000000002000435c        0x4 build/tasks.o
 .bss.pxReadyTasksLists
                0x0000000020004360       0x8c build/tasks.o
 .bss.uxCurrentNumberOfTasks
                0x00000000200043ec        0x4 build/tasks.o
 .bss.uxDeletedTasksWaitingCleanUp
                0x00000000200043f0        0x4 build/tasks.o
 .bss.uxPendedTicks
                0x00000000200043f4        0x4 build/tasks.o
 .bss.uxSchedulerSuspended
                0x00000000200043f8        0x4 build/tasks.o
 .bss.uxTaskNumber
                0x00000000200043fc        0x4 build/tasks.o
 .bss.uxTopReadyPriority
                0x0000000020004400        0x4 build/tasks.o
 .bss.xDelayedTaskList1
                0x0000000020004404       0x14 build/tasks.o
 .bss.xDelayedTaskList2
                0x0000000020004418       0x14 build/tasks.o
 .bss.xIdleTaskHandle
                0x000000002000442c        0x4 build/tasks.o
 .bss.xNextTaskUnblockTime
                0x0000000020004430        0x4 build/tasks.o
 .bss.xNumOfOverflows
                0x0000000020004434        0x4 build/tasks.o
 .bss.xPendingReadyList
                0x0000000020004438       0x14 build/tasks.o
 .bss.xSchedulerRunning
                0x000000002000444c        0x4 build/tasks.o
 .bss.xSuspendedTaskList
                0x0000000020004450       0x14 build/tasks.o
 .bss.xTasksWaitingTermination
                0x0000000020004464       0x14 build/tasks.o
 .bss.xTickCount
                0x0000000020004478        0x4 build/tasks.o
 .bss.xYieldPending
                0x000000002000447c        0x4 build/tasks.o
 .bss.__lock___atexit_recursive_mutex
                0x0000000020004480        0x1 /usr/lib/gcc/arm-none-eabi/10.2.0/../../../../arm-none-eabi/lib/thumb/v7e-m+fp/hard/libc.a(lib_a-lock.o)
                0x0000000020004480                __lock___atexit_recursive_mutex
 *(COMMON)
                0x0000000020004484                . = ALIGN (0x4)
 *fill*         0x0000000020004481        0x3 
                0x0000000020004484                _ebss = .
                0x0000000020004484                __bss_end__ = _ebss

._user_heap_stack
                0x0000000020004484      0x604 load address 0x00000000080083f4
                0x0000000020004488                . = ALIGN (0x8)
 *fill*         0x0000000020004484        0x4 
                0x0000000020004488                PROVIDE (end = .)
                [!provide]                        PROVIDE (_end = .)
                0x0000000020004688                . = (. + _Min_Heap_Size)
 *fill*         0x0000000020004488      0x200 
                0x0000000020004a88                . = (. + _Min_Stack_Size)
 *fill*         0x0000000020004688      0x400 
                0x0000000020004a88                . = ALIGN (0x8)

/DISCARD/
 libc.a(*)
 libm.a(*)
 libgcc.a(*)

.ARM.attributes
                0x0000000000000000       0x30
 *(.ARM.attributes)
 .ARM.attributes
                0x0000000000000000       0x1e /usr/lib/gcc/arm-none-eabi/10.2.0/thumb/v7e-m+fp/hard/crti.o
 .ARM.attributes
                0x000000000000001e       0x34 /usr/lib/gcc/arm-none-eabi/10.2.0/thumb/v7e-m+fp/hard/crtbegin.o
 .ARM.attributes
                0x0000000000000052       0x34 build/freertos.o
 .ARM.attributes
                0x0000000000000086       0x34 build/main.o
 .ARM.attributes
                0x00000000000000ba       0x34 build/stm32f4xx_hal_msp.o
 .ARM.attributes
                0x00000000000000ee       0x34 build/stm32f4xx_hal_timebase_tim.o
 .ARM.attributes
                0x0000000000000122       0x34 build/stm32f4xx_it.o
 .ARM.attributes
                0x0000000000000156       0x34 build/system_stm32f4xx.o
 .ARM.attributes
                0x000000000000018a       0x34 build/stm32f4xx_hal.o
 .ARM.attributes
                0x00000000000001be       0x34 build/stm32f4xx_hal_cortex.o
 .ARM.attributes
                0x00000000000001f2       0x34 build/stm32f4xx_hal_gpio.o
 .ARM.attributes
                0x0000000000000226       0x34 build/stm32f4xx_hal_rcc.o
 .ARM.attributes
                0x000000000000025a       0x34 build/stm32f4xx_hal_tim.o
 .ARM.attributes
                0x000000000000028e       0x34 build/stm32f4xx_hal_tim_ex.o
 .ARM.attributes
                0x00000000000002c2       0x34 build/stm32f4xx_hal_uart.o
 .ARM.attributes
                0x00000000000002f6       0x34 build/cmsis_os.o
 .ARM.attributes
                0x000000000000032a       0x34 build/list.o
 .ARM.attributes
                0x000000000000035e       0x34 build/port.o
 .ARM.attributes
                0x0000000000000392       0x34 build/heap_4.o
 .ARM.attributes
                0x00000000000003c6       0x34 build/tasks.o
 .ARM.attributes
                0x00000000000003fa       0x34 build/aes.o
 .ARM.attributes
                0x000000000000042e       0x34 build/random.o
 .ARM.attributes
                0x0000000000000462       0x34 build/sha256.o
 .ARM.attributes
                0x0000000000000496       0x21 build/startup_stm32f401xe.o
 .ARM.attributes
                0x00000000000004b7       0x34 /usr/lib/gcc/arm-none-eabi/10.2.0/../../../../arm-none-eabi/lib/thumb/v7e-m+fp/hard/libc.a(lib_a-atexit.o)
 .ARM.attributes
                0x00000000000004eb       0x34 /usr/lib/gcc/arm-none-eabi/10.2.0/../../../../arm-none-eabi/lib/thumb/v7e-m+fp/hard/libc.a(lib_a-fini.o)
 .ARM.attributes
                0x000000000000051f       0x32 /usr/lib/gcc/arm-none-eabi/10.2.0/../../../../arm-none-eabi/lib/thumb/v7e-m+fp/hard/libc.a(lib_a-impure.o)
 .ARM.attributes
                0x0000000000000551       0x34 /usr/lib/gcc/arm-none-eabi/10.2.0/../../../../arm-none-eabi/lib/thumb/v7e-m+fp/hard/libc.a(lib_a-init.o)
 .ARM.attributes
                0x0000000000000585       0x1c /usr/lib/gcc/arm-none-eabi/10.2.0/../../../../arm-none-eabi/lib/thumb/v7e-m+fp/hard/libc.a(lib_a-memcpy.o)
 .ARM.attributes
                0x00000000000005a1       0x34 /usr/lib/gcc/arm-none-eabi/10.2.0/../../../../arm-none-eabi/lib/thumb/v7e-m+fp/hard/libc.a(lib_a-memset.o)
 .ARM.attributes
                0x00000000000005d5       0x34 /usr/lib/gcc/arm-none-eabi/10.2.0/../../../../arm-none-eabi/lib/thumb/v7e-m+fp/hard/libc.a(lib_a-strcpy.o)
 .ARM.attributes
                0x0000000000000609       0x34 /usr/lib/gcc/arm-none-eabi/10.2.0/../../../../arm-none-eabi/lib/thumb/v7e-m+fp/hard/libc.a(lib_a-__atexit.o)
 .ARM.attributes
                0x000000000000063d       0x34 /usr/lib/gcc/arm-none-eabi/10.2.0/../../../../arm-none-eabi/lib/thumb/v7e-m+fp/hard/libc.a(lib_a-__call_atexit.o)
 .ARM.attributes
                0x0000000000000671       0x34 /usr/lib/gcc/arm-none-eabi/10.2.0/../../../../arm-none-eabi/lib/thumb/v7e-m+fp/hard/libc.a(lib_a-lock.o)
 .ARM.attributes
                0x00000000000006a5       0x1e /usr/lib/gcc/arm-none-eabi/10.2.0/thumb/v7e-m+fp/hard/libgcc.a(_aeabi_uldivmod.o)
 .ARM.attributes
                0x00000000000006c3       0x34 /usr/lib/gcc/arm-none-eabi/10.2.0/thumb/v7e-m+fp/hard/libgcc.a(_udivmoddi4.o)
 .ARM.attributes
                0x00000000000006f7       0x1e /usr/lib/gcc/arm-none-eabi/10.2.0/thumb/v7e-m+fp/hard/libgcc.a(_dvmd_tls.o)
 .ARM.attributes
                0x0000000000000715       0x1e /usr/lib/gcc/arm-none-eabi/10.2.0/thumb/v7e-m+fp/hard/crtn.o
OUTPUT(build/AES_ALGORITHM.elf elf32-littlearm)
LOAD linker stubs
LOAD /usr/lib/gcc/arm-none-eabi/10.2.0/../../../../arm-none-eabi/lib/thumb/v7e-m+fp/hard/libc.a
LOAD /usr/lib/gcc/arm-none-eabi/10.2.0/../../../../arm-none-eabi/lib/thumb/v7e-m+fp/hard/libm.a
LOAD /usr/lib/gcc/arm-none-eabi/10.2.0/thumb/v7e-m+fp/hard/libgcc.a

.debug_info     0x0000000000000000    0x1b45f
 .debug_info    0x0000000000000000      0x2ab build/freertos.o
 .debug_info    0x00000000000002ab     0x1a0e build/main.o
 .debug_info    0x0000000000001cb9      0xc2f build/stm32f4xx_hal_msp.o
 .debug_info    0x00000000000028e8      0xc36 build/stm32f4xx_hal_timebase_tim.o
 .debug_info    0x000000000000351e      0x6ef build/stm32f4xx_it.o
 .debug_info    0x0000000000003c0d      0x5e5 build/system_stm32f4xx.o
 .debug_info    0x00000000000041f2      0xa60 build/stm32f4xx_hal.o
 .debug_info    0x0000000000004c52     0x10de build/stm32f4xx_hal_cortex.o
 .debug_info    0x0000000000005d30      0x85d build/stm32f4xx_hal_gpio.o
 .debug_info    0x000000000000658d      0xc13 build/stm32f4xx_hal_rcc.o
 .debug_info    0x00000000000071a0     0x38bc build/stm32f4xx_hal_tim.o
 .debug_info    0x000000000000aa5c     0x1779 build/stm32f4xx_hal_tim_ex.o
 .debug_info    0x000000000000c1d5     0x1a76 build/stm32f4xx_hal_uart.o
 .debug_info    0x000000000000dc4b     0x2409 build/cmsis_os.o
 .debug_info    0x0000000000010054      0x30f build/list.o
 .debug_info    0x0000000000010363      0x5c8 build/port.o
 .debug_info    0x000000000001092b      0x49b build/heap_4.o
 .debug_info    0x0000000000010dc6     0x29cd build/tasks.o
 .debug_info    0x0000000000013793     0x3945 build/aes.o
 .debug_info    0x00000000000170d8     0x256e build/random.o
 .debug_info    0x0000000000019646     0x1df7 build/sha256.o
 .debug_info    0x000000000001b43d       0x22 build/startup_stm32f401xe.o

.debug_abbrev   0x0000000000000000     0x36b8
 .debug_abbrev  0x0000000000000000       0xcc build/freertos.o
 .debug_abbrev  0x00000000000000cc      0x355 build/main.o
 .debug_abbrev  0x0000000000000421      0x1a6 build/stm32f4xx_hal_msp.o
 .debug_abbrev  0x00000000000005c7      0x200 build/stm32f4xx_hal_timebase_tim.o
 .debug_abbrev  0x00000000000007c7      0x18d build/stm32f4xx_it.o
 .debug_abbrev  0x0000000000000954      0x11b build/system_stm32f4xx.o
 .debug_abbrev  0x0000000000000a6f      0x23a build/stm32f4xx_hal.o
 .debug_abbrev  0x0000000000000ca9      0x382 build/stm32f4xx_hal_cortex.o
 .debug_abbrev  0x000000000000102b      0x22b build/stm32f4xx_hal_gpio.o
 .debug_abbrev  0x0000000000001256      0x2aa build/stm32f4xx_hal_rcc.o
 .debug_abbrev  0x0000000000001500      0x293 build/stm32f4xx_hal_tim.o
 .debug_abbrev  0x0000000000001793      0x28f build/stm32f4xx_hal_tim_ex.o
 .debug_abbrev  0x0000000000001a22      0x2de build/stm32f4xx_hal_uart.o
 .debug_abbrev  0x0000000000001d00      0x37d build/cmsis_os.o
 .debug_abbrev  0x000000000000207d      0x124 build/list.o
 .debug_abbrev  0x00000000000021a1      0x28a build/port.o
 .debug_abbrev  0x000000000000242b      0x255 build/heap_4.o
 .debug_abbrev  0x0000000000002680      0x36b build/tasks.o
 .debug_abbrev  0x00000000000029eb      0x4cb build/aes.o
 .debug_abbrev  0x0000000000002eb6      0x429 build/random.o
 .debug_abbrev  0x00000000000032df      0x3c7 build/sha256.o
 .debug_abbrev  0x00000000000036a6       0x12 build/startup_stm32f401xe.o

.debug_aranges  0x0000000000000000     0x1148
 .debug_aranges
                0x0000000000000000       0x20 build/freertos.o
 .debug_aranges
                0x0000000000000020       0x50 build/main.o
 .debug_aranges
                0x0000000000000070       0x30 build/stm32f4xx_hal_msp.o
 .debug_aranges
                0x00000000000000a0       0x30 build/stm32f4xx_hal_timebase_tim.o
 .debug_aranges
                0x00000000000000d0       0x50 build/stm32f4xx_it.o
 .debug_aranges
                0x0000000000000120       0x28 build/system_stm32f4xx.o
 .debug_aranges
                0x0000000000000148       0xf0 build/stm32f4xx_hal.o
 .debug_aranges
                0x0000000000000238       0xa8 build/stm32f4xx_hal_cortex.o
 .debug_aranges
                0x00000000000002e0       0x58 build/stm32f4xx_hal_gpio.o
 .debug_aranges
                0x0000000000000338       0x88 build/stm32f4xx_hal_rcc.o
 .debug_aranges
                0x00000000000003c0      0x3a8 build/stm32f4xx_hal_tim.o
 .debug_aranges
                0x0000000000000768      0x150 build/stm32f4xx_hal_tim_ex.o
 .debug_aranges
                0x00000000000008b8      0x1d0 build/stm32f4xx_hal_uart.o
 .debug_aranges
                0x0000000000000a88      0x1d8 build/cmsis_os.o
 .debug_aranges
                0x0000000000000c60       0x40 build/list.o
 .debug_aranges
                0x0000000000000ca0       0x80 build/port.o
 .debug_aranges
                0x0000000000000d20       0x50 build/heap_4.o
 .debug_aranges
                0x0000000000000d70      0x1a8 build/tasks.o
 .debug_aranges
                0x0000000000000f18       0xd8 build/aes.o
 .debug_aranges
                0x0000000000000ff0       0xc8 build/random.o
 .debug_aranges
                0x00000000000010b8       0x68 build/sha256.o
 .debug_aranges
                0x0000000000001120       0x28 build/startup_stm32f401xe.o

.debug_ranges   0x0000000000000000     0x1460
 .debug_ranges  0x0000000000000000       0x10 build/freertos.o
 .debug_ranges  0x0000000000000010       0x40 build/main.o
 .debug_ranges  0x0000000000000050       0x20 build/stm32f4xx_hal_msp.o
 .debug_ranges  0x0000000000000070       0x20 build/stm32f4xx_hal_timebase_tim.o
 .debug_ranges  0x0000000000000090       0x40 build/stm32f4xx_it.o
 .debug_ranges  0x00000000000000d0       0x18 build/system_stm32f4xx.o
 .debug_ranges  0x00000000000000e8       0xe0 build/stm32f4xx_hal.o
 .debug_ranges  0x00000000000001c8       0xf8 build/stm32f4xx_hal_cortex.o
 .debug_ranges  0x00000000000002c0       0x48 build/stm32f4xx_hal_gpio.o
 .debug_ranges  0x0000000000000308       0x90 build/stm32f4xx_hal_rcc.o
 .debug_ranges  0x0000000000000398      0x398 build/stm32f4xx_hal_tim.o
 .debug_ranges  0x0000000000000730      0x140 build/stm32f4xx_hal_tim_ex.o
 .debug_ranges  0x0000000000000870      0x1c0 build/stm32f4xx_hal_uart.o
 .debug_ranges  0x0000000000000a30      0x1c8 build/cmsis_os.o
 .debug_ranges  0x0000000000000bf8       0x30 build/list.o
 .debug_ranges  0x0000000000000c28       0x88 build/port.o
 .debug_ranges  0x0000000000000cb0       0x40 build/heap_4.o
 .debug_ranges  0x0000000000000cf0      0x268 build/tasks.o
 .debug_ranges  0x0000000000000f58      0x298 build/aes.o
 .debug_ranges  0x00000000000011f0      0x190 build/random.o
 .debug_ranges  0x0000000000001380       0xc0 build/sha256.o
 .debug_ranges  0x0000000000001440       0x20 build/startup_stm32f401xe.o

.debug_line     0x0000000000000000    0x118eb
 .debug_line    0x0000000000000000      0x14d build/freertos.o
 .debug_line    0x000000000000014d      0x5fc build/main.o
 .debug_line    0x0000000000000749      0x226 build/stm32f4xx_hal_msp.o
 .debug_line    0x000000000000096f      0x225 build/stm32f4xx_hal_timebase_tim.o
 .debug_line    0x0000000000000b94      0x221 build/stm32f4xx_it.o
 .debug_line    0x0000000000000db5      0x1fc build/system_stm32f4xx.o
 .debug_line    0x0000000000000fb1      0x509 build/stm32f4xx_hal.o
 .debug_line    0x00000000000014ba      0x71c build/stm32f4xx_hal_cortex.o
 .debug_line    0x0000000000001bd6      0x662 build/stm32f4xx_hal_gpio.o
 .debug_line    0x0000000000002238      0xab6 build/stm32f4xx_hal_rcc.o
 .debug_line    0x0000000000002cee     0x35c6 build/stm32f4xx_hal_tim.o
 .debug_line    0x00000000000062b4     0x113c build/stm32f4xx_hal_tim_ex.o
 .debug_line    0x00000000000073f0     0x1bce build/stm32f4xx_hal_uart.o
 .debug_line    0x0000000000008fbe     0x112e build/cmsis_os.o
 .debug_line    0x000000000000a0ec      0x2fd build/list.o
 .debug_line    0x000000000000a3e9      0x6ae build/port.o
 .debug_line    0x000000000000aa97      0x5cb build/heap_4.o
 .debug_line    0x000000000000b062     0x234c build/tasks.o
 .debug_line    0x000000000000d3ae     0x2235 build/aes.o
 .debug_line    0x000000000000f5e3     0x1112 build/random.o
 .debug_line    0x00000000000106f5     0x1183 build/sha256.o
 .debug_line    0x0000000000011878       0x73 build/startup_stm32f401xe.o

.debug_str      0x0000000000000000     0x64fe
 .debug_str     0x0000000000000000      0x279 build/freertos.o
                                        0x2e7 (size before relaxing)
 .debug_str     0x0000000000000279      0xf00 build/main.o
                                       0x11ca (size before relaxing)
 .debug_str     0x0000000000001179      0x404 build/stm32f4xx_hal_msp.o
                                        0xb18 (size before relaxing)
 .debug_str     0x000000000000157d      0x10e build/stm32f4xx_hal_timebase_tim.o
                                        0xbc6 (size before relaxing)
 .debug_str     0x000000000000168b       0xa9 build/stm32f4xx_it.o
                                        0x635 (size before relaxing)
 .debug_str     0x0000000000001734       0xd8 build/system_stm32f4xx.o
                                        0x35f (size before relaxing)
 .debug_str     0x000000000000180c      0x313 build/stm32f4xx_hal.o
                                        0x9e2 (size before relaxing)
 .debug_str     0x0000000000001b1f      0x433 build/stm32f4xx_hal_cortex.o
                                        0xaa2 (size before relaxing)
 .debug_str     0x0000000000001f52      0x125 build/stm32f4xx_hal_gpio.o
                                        0x4ca (size before relaxing)
 .debug_str     0x0000000000002077      0x16b build/stm32f4xx_hal_rcc.o
                                        0x6f0 (size before relaxing)
 .debug_str     0x00000000000021e2      0xdf3 build/stm32f4xx_hal_tim.o
                                       0x1483 (size before relaxing)
 .debug_str     0x0000000000002fd5      0x545 build/stm32f4xx_hal_tim_ex.o
                                        0xc9b (size before relaxing)
 .debug_str     0x000000000000351a      0x512 build/stm32f4xx_hal_uart.o
                                        0xc0a (size before relaxing)
 .debug_str     0x0000000000003a2c      0xbc2 build/cmsis_os.o
                                       0x1021 (size before relaxing)
 .debug_str     0x00000000000045ee      0x136 build/list.o
                                        0x2da (size before relaxing)
 .debug_str     0x0000000000004724      0x22a build/port.o
                                        0x456 (size before relaxing)
 .debug_str     0x000000000000494e      0x1e5 build/heap_4.o
                                        0x3c3 (size before relaxing)
 .debug_str     0x0000000000004b33      0x8c4 build/tasks.o
                                        0xfae (size before relaxing)
 .debug_str     0x00000000000053f7      0xc75 build/aes.o
                                       0x1225 (size before relaxing)
 .debug_str     0x000000000000606c      0x38a build/random.o
                                       0x10c5 (size before relaxing)
 .debug_str     0x00000000000063f6       0xe4 build/sha256.o
                                        0xe33 (size before relaxing)
 .debug_str     0x00000000000064da       0x24 build/startup_stm32f401xe.o
                                         0x55 (size before relaxing)

.comment        0x0000000000000000       0x1e
 .comment       0x0000000000000000       0x1e build/freertos.o
                                         0x1f (size before relaxing)
 .comment       0x000000000000001e       0x1f build/main.o
 .comment       0x000000000000001e       0x1f build/stm32f4xx_hal_msp.o
 .comment       0x000000000000001e       0x1f build/stm32f4xx_hal_timebase_tim.o
 .comment       0x000000000000001e       0x1f build/stm32f4xx_it.o
 .comment       0x000000000000001e       0x1f build/system_stm32f4xx.o
 .comment       0x000000000000001e       0x1f build/stm32f4xx_hal.o
 .comment       0x000000000000001e       0x1f build/stm32f4xx_hal_cortex.o
 .comment       0x000000000000001e       0x1f build/stm32f4xx_hal_gpio.o
 .comment       0x000000000000001e       0x1f build/stm32f4xx_hal_rcc.o
 .comment       0x000000000000001e       0x1f build/stm32f4xx_hal_tim.o
 .comment       0x000000000000001e       0x1f build/stm32f4xx_hal_tim_ex.o
 .comment       0x000000000000001e       0x1f build/stm32f4xx_hal_uart.o
 .comment       0x000000000000001e       0x1f build/cmsis_os.o
 .comment       0x000000000000001e       0x1f build/list.o
 .comment       0x000000000000001e       0x1f build/port.o
 .comment       0x000000000000001e       0x1f build/heap_4.o
 .comment       0x000000000000001e       0x1f build/tasks.o
 .comment       0x000000000000001e       0x1f build/aes.o
 .comment       0x000000000000001e       0x1f build/random.o
 .comment       0x000000000000001e       0x1f build/sha256.o

.debug_frame    0x0000000000000000     0x3280
 .debug_frame   0x0000000000000000       0x20 build/freertos.o
 .debug_frame   0x0000000000000020       0xc4 build/main.o
 .debug_frame   0x00000000000000e4       0x64 build/stm32f4xx_hal_msp.o
 .debug_frame   0x0000000000000148       0x50 build/stm32f4xx_hal_timebase_tim.o
 .debug_frame   0x0000000000000198       0x88 build/stm32f4xx_it.o
 .debug_frame   0x0000000000000220       0x30 build/system_stm32f4xx.o
 .debug_frame   0x0000000000000250      0x1ec build/stm32f4xx_hal.o
 .debug_frame   0x000000000000043c      0x148 build/stm32f4xx_hal_cortex.o
 .debug_frame   0x0000000000000584       0xd8 build/stm32f4xx_hal_gpio.o
 .debug_frame   0x000000000000065c      0x16c build/stm32f4xx_hal_rcc.o
 .debug_frame   0x00000000000007c8      0xa84 build/stm32f4xx_hal_tim.o
 .debug_frame   0x000000000000124c      0x3a8 build/stm32f4xx_hal_tim_ex.o
 .debug_frame   0x00000000000015f4      0x4ec build/stm32f4xx_hal_uart.o
 .debug_frame   0x0000000000001ae0      0x58c build/cmsis_os.o
 .debug_frame   0x000000000000206c       0x70 build/list.o
 .debug_frame   0x00000000000020dc      0x110 build/port.o
 .debug_frame   0x00000000000021ec       0xb0 build/heap_4.o
 .debug_frame   0x000000000000229c      0x558 build/tasks.o
 .debug_frame   0x00000000000027f4      0x3ac build/aes.o
 .debug_frame   0x0000000000002ba0      0x30c build/random.o
 .debug_frame   0x0000000000002eac      0x158 build/sha256.o
 .debug_frame   0x0000000000003004       0x20 /usr/lib/gcc/arm-none-eabi/10.2.0/../../../../arm-none-eabi/lib/thumb/v7e-m+fp/hard/libc.a(lib_a-atexit.o)
 .debug_frame   0x0000000000003024       0x34 /usr/lib/gcc/arm-none-eabi/10.2.0/../../../../arm-none-eabi/lib/thumb/v7e-m+fp/hard/libc.a(lib_a-fini.o)
 .debug_frame   0x0000000000003058       0x2c /usr/lib/gcc/arm-none-eabi/10.2.0/../../../../arm-none-eabi/lib/thumb/v7e-m+fp/hard/libc.a(lib_a-init.o)
 .debug_frame   0x0000000000003084       0x2c /usr/lib/gcc/arm-none-eabi/10.2.0/../../../../arm-none-eabi/lib/thumb/v7e-m+fp/hard/libc.a(lib_a-memset.o)
 .debug_frame   0x00000000000030b0       0x20 /usr/lib/gcc/arm-none-eabi/10.2.0/../../../../arm-none-eabi/lib/thumb/v7e-m+fp/hard/libc.a(lib_a-strcpy.o)
 .debug_frame   0x00000000000030d0       0x34 /usr/lib/gcc/arm-none-eabi/10.2.0/../../../../arm-none-eabi/lib/thumb/v7e-m+fp/hard/libc.a(lib_a-__atexit.o)
 .debug_frame   0x0000000000003104       0x68 /usr/lib/gcc/arm-none-eabi/10.2.0/../../../../arm-none-eabi/lib/thumb/v7e-m+fp/hard/libc.a(lib_a-__call_atexit.o)
 .debug_frame   0x000000000000316c       0xb0 /usr/lib/gcc/arm-none-eabi/10.2.0/../../../../arm-none-eabi/lib/thumb/v7e-m+fp/hard/libc.a(lib_a-lock.o)
 .debug_frame   0x000000000000321c       0x2c /usr/lib/gcc/arm-none-eabi/10.2.0/thumb/v7e-m+fp/hard/libgcc.a(_aeabi_uldivmod.o)
 .debug_frame   0x0000000000003248       0x38 /usr/lib/gcc/arm-none-eabi/10.2.0/thumb/v7e-m+fp/hard/libgcc.a(_udivmoddi4.o)

.debug_loc      0x0000000000000000    0x164f0
 .debug_loc     0x0000000000000000      0x2b7 build/main.o
 .debug_loc     0x00000000000002b7      0x120 build/stm32f4xx_hal_msp.o
 .debug_loc     0x00000000000003d7       0xbc build/stm32f4xx_hal_timebase_tim.o
 .debug_loc     0x0000000000000493       0x20 build/stm32f4xx_it.o
 .debug_loc     0x00000000000004b3      0x158 build/system_stm32f4xx.o
 .debug_loc     0x000000000000060b      0x1e1 build/stm32f4xx_hal.o
 .debug_loc     0x00000000000007ec      0x7a4 build/stm32f4xx_hal_cortex.o
 .debug_loc     0x0000000000000f90      0x5c7 build/stm32f4xx_hal_gpio.o
 .debug_loc     0x0000000000001557      0x6e4 build/stm32f4xx_hal_rcc.o
 .debug_loc     0x0000000000001c3b     0x46aa build/stm32f4xx_hal_tim.o
 .debug_loc     0x00000000000062e5     0x157d build/stm32f4xx_hal_tim_ex.o
 .debug_loc     0x0000000000007862     0x1d6a build/stm32f4xx_hal_uart.o
 .debug_loc     0x00000000000095cc     0x1a22 build/cmsis_os.o
 .debug_loc     0x000000000000afee       0xe5 build/list.o
 .debug_loc     0x000000000000b0d3      0x1c0 build/port.o
 .debug_loc     0x000000000000b293      0x3c1 build/heap_4.o
 .debug_loc     0x000000000000b654     0x2344 build/tasks.o
 .debug_loc     0x000000000000d998     0x471f build/aes.o
 .debug_loc     0x00000000000120b7     0x246b build/random.o
 .debug_loc     0x0000000000014522     0x1fce build/sha256.o

.stabstr        0x0000000000000000      0x1b9
 .stabstr       0x0000000000000000      0x1b9 /usr/lib/gcc/arm-none-eabi/10.2.0/../../../../arm-none-eabi/lib/thumb/v7e-m+fp/hard/libnosys.a(close.o)

Cross Reference Table

Symbol                                            File
ADC_IRQHandler                                    build/startup_stm32f401xe.o
AHBPrescTable                                     build/system_stm32f4xx.o
                                                  build/stm32f4xx_hal_rcc.o
APBPrescTable                                     build/system_stm32f4xx.o
                                                  build/stm32f4xx_hal_rcc.o
AddCA                                             build/ssl.o
                                                  build/internal.o
AllocDer                                          build/asn.o
                                                  build/tls13.o
                                                  build/ssl.o
                                                  build/internal.o
AllocKey                                          build/internal.o
AlreadySigner                                     build/ssl.o
                                                  build/internal.o
BEGIN_CERT                                        build/asn.o
BEGIN_DH_PARAM                                    build/asn.o
BEGIN_DSA_PRIV                                    build/asn.o
BEGIN_EC_PRIV                                     build/asn.o
BEGIN_ENC_PRIV_KEY                                build/asn.o
BEGIN_PRIV_KEY                                    build/asn.o
BEGIN_PUB_KEY                                     build/asn.o
BEGIN_RSA_PRIV                                    build/asn.o
BEGIN_X509_CRL                                    build/asn.o
Base64_Decode                                     build/coding.o
                                                  build/test.o
                                                  build/asn.o
BuildCertHashes                                   build/internal.o
                                                  build/tls13.o
BuildMessage                                      build/internal.o
                                                  build/ssl.o
BuildTls13Message                                 build/tls13.o
                                                  build/internal.o
BuildTlsFinished                                  build/tls.o
                                                  build/internal.o
BuildTlsHandshakeHash                             build/tls.o
BusFault_Handler                                  build/stm32f4xx_it.o
CM_VerifyBuffer_ex                                build/ssl.o
CalcHashId                                        build/asn.o
CheckAvailableSize                                build/internal.o
                                                  build/tls13.o
CheckBitString                                    build/asn.o
CheckForAltNames                                  build/internal.o
CheckHostName                                     build/internal.o
                                                  build/ssl.o
CheckIPAddr                                       build/internal.o
                                                  build/ssl.o
CheckRunTimeFastMath                              build/sp_int.o
                                                  build/test.o
CheckRunTimeSettings                              build/sp_int.o
                                                  build/test.o
CheckVersion                                      build/internal.o
CompleteServerHello                               build/internal.o
                                                  build/tls13.o
ConvertHashPss                                    build/internal.o
                                                  build/tls13.o
DMA1_Stream0_IRQHandler                           build/startup_stm32f401xe.o
DMA1_Stream1_IRQHandler                           build/startup_stm32f401xe.o
DMA1_Stream2_IRQHandler                           build/startup_stm32f401xe.o
DMA1_Stream3_IRQHandler                           build/startup_stm32f401xe.o
DMA1_Stream4_IRQHandler                           build/startup_stm32f401xe.o
DMA1_Stream5_IRQHandler                           build/startup_stm32f401xe.o
DMA1_Stream6_IRQHandler                           build/startup_stm32f401xe.o
DMA1_Stream7_IRQHandler                           build/startup_stm32f401xe.o
DMA2_Stream0_IRQHandler                           build/startup_stm32f401xe.o
DMA2_Stream1_IRQHandler                           build/startup_stm32f401xe.o
DMA2_Stream2_IRQHandler                           build/startup_stm32f401xe.o
DMA2_Stream3_IRQHandler                           build/startup_stm32f401xe.o
DMA2_Stream4_IRQHandler                           build/startup_stm32f401xe.o
DMA2_Stream5_IRQHandler                           build/startup_stm32f401xe.o
DMA2_Stream6_IRQHandler                           build/startup_stm32f401xe.o
DMA2_Stream7_IRQHandler                           build/startup_stm32f401xe.o
DebugMon_Handler                                  build/stm32f4xx_it.o
DecodeECC_DSA_Sig                                 build/asn.o
                                                  build/ecc.o
DecodeECC_DSA_Sig_Bin                             build/asn.o
                                                  build/ecc.o
DecodePrivateKey                                  build/internal.o
                                                  build/tls13.o
DecodeToKey                                       build/asn.o
                                                  build/ssl.o
DecryptTls13                                      build/tls13.o
                                                  build/internal.o
Default_Handler                                   build/startup_stm32f401xe.o
DeriveEarlySecret                                 build/tls13.o
DeriveHandshakeSecret                             build/tls13.o
DeriveMasterSecret                                build/tls13.o
DeriveTls13Keys                                   build/tls13.o
DeriveTlsKeys                                     build/tls.o
                                                  build/internal.o
DhAgree                                           build/internal.o
DhGenKeyPair                                      build/internal.o
DoApplicationData                                 build/internal.o
DoClientHello                                     build/internal.o
                                                  build/tls13.o
DoFinished                                        build/internal.o
DoServerHello                                     build/internal.o
                                                  build/tls13.o
DoTls13ClientHello                                build/tls13.o
DoTls13Finished                                   build/tls13.o
DoTls13HandShakeMsg                               build/tls13.o
                                                  build/internal.o
DoTls13HandShakeMsgType                           build/tls13.o
                                                  build/internal.o
DoTls13ServerHello                                build/tls13.o
                                                  build/internal.o
DoVerifyCallback                                  build/internal.o
                                                  build/ssl.o
END_CERT                                          build/asn.o
END_DH_PARAM                                      build/asn.o
END_DSA_PRIV                                      build/asn.o
END_EC_PRIV                                       build/asn.o
END_ENC_PRIV_KEY                                  build/asn.o
END_PRIV_KEY                                      build/asn.o
END_PUB_KEY                                       build/asn.o
END_RSA_PRIV                                      build/asn.o
END_X509_CRL                                      build/asn.o
EXTI0_IRQHandler                                  build/startup_stm32f401xe.o
EXTI15_10_IRQHandler                              build/startup_stm32f401xe.o
EXTI1_IRQHandler                                  build/startup_stm32f401xe.o
EXTI2_IRQHandler                                  build/startup_stm32f401xe.o
EXTI3_IRQHandler                                  build/startup_stm32f401xe.o
EXTI4_IRQHandler                                  build/startup_stm32f401xe.o
EXTI9_5_IRQHandler                                build/startup_stm32f401xe.o
EccMakeKey                                        build/internal.o
EccSharedSecret                                   build/internal.o
EccSign                                           build/internal.o
                                                  build/tls13.o
EccVerify                                         build/internal.o
                                                  build/tls13.o
Error_Handler                                     build/main.o
FLASH_Erase_Sector                                build/stm32f4xx_hal_flash_ex.o
                                                  build/stm32f4xx_hal_flash.o
FLASH_FlushCaches                                 build/stm32f4xx_hal_flash_ex.o
                                                  build/stm32f4xx_hal_flash.o
FLASH_IRQHandler                                  build/startup_stm32f401xe.o
FLASH_WaitForLastOperation                        build/stm32f4xx_hal_flash.o
                                                  build/stm32f4xx_hal_flash_ex.o
FPU_IRQHandler                                    build/startup_stm32f401xe.o
FreeAltNames                                      build/asn.o
                                                  build/internal.o
FreeArrays                                        build/internal.o
                                                  build/ssl.o
FreeBuildMsgArgs                                  build/internal.o
FreeCiphers                                       build/internal.o
FreeDecodedCert                                   build/asn.o
                                                  build/ssl.o
                                                  build/internal.o
FreeDer                                           build/asn.o
                                                  build/tls13.o
                                                  build/ssl.o
                                                  build/internal.o
FreeHandshakeHashes                               build/internal.o
FreeHandshakeResources                            build/internal.o
                                                  build/tls13.o
                                                  build/ssl.o
FreeKey                                           build/internal.o
                                                  build/tls13.o
FreeKeyExchange                                   build/internal.o
                                                  build/tls13.o
FreeNameSubtrees                                  build/asn.o
FreeSSL                                           build/internal.o
                                                  build/ssl.o
FreeSSL_Ctx                                       build/internal.o
                                                  build/ssl.o
FreeSignatureCtx                                  build/asn.o
FreeSigner                                        build/asn.o
                                                  build/ssl.o
FreeSignerTable                                   build/asn.o
                                                  build/ssl.o
FreeSuites                                        build/internal.o
FreeX509                                          build/internal.o
FreeX509Name                                      build/internal.o
GHASH                                             build/aes.o
GetASNObjectId                                    build/asn.o
GetASNTag                                         build/asn.o
GetAlgoId                                         build/asn.o
GetCA                                             build/ssl.o
                                                  build/asn.o
GetCAByName                                       build/ssl.o
                                                  build/asn.o
GetCipherNameIana                                 build/internal.o
                                                  build/ssl.o
GetCipherNameInternal                             build/internal.o
                                                  build/ssl.o
GetCipherNames                                    build/internal.o
                                                  build/ssl.o
GetCipherNamesSize                                build/internal.o
                                                  build/ssl.o
GetCipherSuiteFromName                            build/internal.o
                                                  build/ssl.o
GetCurveByOID                                     build/internal.o
GetInt                                            build/asn.o
GetLength                                         build/asn.o
GetLength_ex                                      build/asn.o
GetMyVersion                                      build/asn.o
GetName                                           build/asn.o
GetNameHash                                       build/asn.o
GetObjectId                                       build/asn.o
GetOctetString                                    build/asn.o
                                                  build/ssl.o
GetSequence                                       build/asn.o
                                                  build/ssl.o
GetSequence_ex                                    build/asn.o
GetSerialNumber                                   build/asn.o
GetSession                                        build/ssl.o
                                                  build/internal.o
GetSet                                            build/asn.o
GetSet_ex                                         build/asn.o
GetSigName                                        build/asn.o
GrowInputBuffer                                   build/internal.o
HAL_DBGMCU_DisableDBGSleepMode                    build/stm32f4xx_hal.o
HAL_DBGMCU_DisableDBGStandbyMode                  build/stm32f4xx_hal.o
HAL_DBGMCU_DisableDBGStopMode                     build/stm32f4xx_hal.o
HAL_DBGMCU_EnableDBGSleepMode                     build/stm32f4xx_hal.o
HAL_DBGMCU_EnableDBGStandbyMode                   build/stm32f4xx_hal.o
HAL_DBGMCU_EnableDBGStopMode                      build/stm32f4xx_hal.o
HAL_DMAEx_ChangeMemory                            build/stm32f4xx_hal_dma_ex.o
HAL_DMAEx_MultiBufferStart                        build/stm32f4xx_hal_dma_ex.o
HAL_DMAEx_MultiBufferStart_IT                     build/stm32f4xx_hal_dma_ex.o
HAL_DMA_Abort                                     build/stm32f4xx_hal_dma.o
                                                  build/stm32f4xx_hal_uart.o
HAL_DMA_Abort_IT                                  build/stm32f4xx_hal_dma.o
                                                  build/stm32f4xx_hal_uart.o
                                                  build/stm32f4xx_hal_tim_ex.o
                                                  build/stm32f4xx_hal_tim.o
HAL_DMA_DeInit                                    build/stm32f4xx_hal_dma.o
HAL_DMA_GetError                                  build/stm32f4xx_hal_dma.o
                                                  build/stm32f4xx_hal_uart.o
HAL_DMA_GetState                                  build/stm32f4xx_hal_dma.o
HAL_DMA_IRQHandler                                build/stm32f4xx_hal_dma.o
HAL_DMA_Init                                      build/stm32f4xx_hal_dma.o
HAL_DMA_PollForTransfer                           build/stm32f4xx_hal_dma.o
HAL_DMA_RegisterCallback                          build/stm32f4xx_hal_dma.o
HAL_DMA_Start                                     build/stm32f4xx_hal_dma.o
HAL_DMA_Start_IT                                  build/stm32f4xx_hal_dma.o
                                                  build/stm32f4xx_hal_uart.o
                                                  build/stm32f4xx_hal_tim_ex.o
                                                  build/stm32f4xx_hal_tim.o
HAL_DMA_UnRegisterCallback                        build/stm32f4xx_hal_dma.o
HAL_DeInit                                        build/stm32f4xx_hal.o
HAL_Delay                                         build/stm32f4xx_hal.o
HAL_DisableCompensationCell                       build/stm32f4xx_hal.o
HAL_EXTI_ClearConfigLine                          build/stm32f4xx_hal_exti.o
HAL_EXTI_ClearPending                             build/stm32f4xx_hal_exti.o
HAL_EXTI_GenerateSWI                              build/stm32f4xx_hal_exti.o
HAL_EXTI_GetConfigLine                            build/stm32f4xx_hal_exti.o
HAL_EXTI_GetHandle                                build/stm32f4xx_hal_exti.o
HAL_EXTI_GetPending                               build/stm32f4xx_hal_exti.o
HAL_EXTI_IRQHandler                               build/stm32f4xx_hal_exti.o
HAL_EXTI_RegisterCallback                         build/stm32f4xx_hal_exti.o
HAL_EXTI_SetConfigLine                            build/stm32f4xx_hal_exti.o
HAL_EnableCompensationCell                        build/stm32f4xx_hal.o
HAL_FLASHEx_AdvOBGetConfig                        build/stm32f4xx_hal_flash_ex.o
HAL_FLASHEx_AdvOBProgram                          build/stm32f4xx_hal_flash_ex.o
HAL_FLASHEx_Erase                                 build/stm32f4xx_hal_flash_ex.o
HAL_FLASHEx_Erase_IT                              build/stm32f4xx_hal_flash_ex.o
HAL_FLASHEx_OBGetConfig                           build/stm32f4xx_hal_flash_ex.o
HAL_FLASHEx_OBProgram                             build/stm32f4xx_hal_flash_ex.o
HAL_FLASHEx_OB_DeSelectPCROP                      build/stm32f4xx_hal_flash_ex.o
HAL_FLASHEx_OB_SelectPCROP                        build/stm32f4xx_hal_flash_ex.o
HAL_FLASH_EndOfOperationCallback                  build/stm32f4xx_hal_flash.o
HAL_FLASH_GetError                                build/stm32f4xx_hal_flash.o
HAL_FLASH_IRQHandler                              build/stm32f4xx_hal_flash.o
HAL_FLASH_Lock                                    build/stm32f4xx_hal_flash.o
HAL_FLASH_OB_Launch                               build/stm32f4xx_hal_flash.o
HAL_FLASH_OB_Lock                                 build/stm32f4xx_hal_flash.o
HAL_FLASH_OB_Unlock                               build/stm32f4xx_hal_flash.o
HAL_FLASH_OperationErrorCallback                  build/stm32f4xx_hal_flash.o
HAL_FLASH_Program                                 build/stm32f4xx_hal_flash.o
HAL_FLASH_Program_IT                              build/stm32f4xx_hal_flash.o
HAL_FLASH_Unlock                                  build/stm32f4xx_hal_flash.o
HAL_GPIO_DeInit                                   build/stm32f4xx_hal_gpio.o
                                                  build/stm32f4xx_hal_msp.o
HAL_GPIO_EXTI_Callback                            build/stm32f4xx_hal_gpio.o
HAL_GPIO_EXTI_IRQHandler                          build/stm32f4xx_hal_gpio.o
HAL_GPIO_Init                                     build/stm32f4xx_hal_gpio.o
                                                  build/stm32f4xx_hal_rcc.o
                                                  build/stm32f4xx_hal_msp.o
                                                  build/main.o
HAL_GPIO_LockPin                                  build/stm32f4xx_hal_gpio.o
HAL_GPIO_ReadPin                                  build/stm32f4xx_hal_gpio.o
HAL_GPIO_TogglePin                                build/stm32f4xx_hal_gpio.o
HAL_GPIO_WritePin                                 build/stm32f4xx_hal_gpio.o
                                                  build/main.o
HAL_GetDEVID                                      build/stm32f4xx_hal.o
HAL_GetHalVersion                                 build/stm32f4xx_hal.o
HAL_GetREVID                                      build/stm32f4xx_hal.o
HAL_GetTick                                       build/stm32f4xx_hal.o
                                                  build/stm32f4xx_hal_uart.o
                                                  build/stm32f4xx_hal_rcc_ex.o
                                                  build/stm32f4xx_hal_rcc.o
                                                  build/stm32f4xx_hal_pwr_ex.o
                                                  build/stm32f4xx_hal_flash.o
                                                  build/stm32f4xx_hal_dma.o
HAL_GetTickFreq                                   build/stm32f4xx_hal.o
HAL_GetTickPrio                                   build/stm32f4xx_hal.o
HAL_GetUIDw0                                      build/stm32f4xx_hal.o
HAL_GetUIDw1                                      build/stm32f4xx_hal.o
HAL_GetUIDw2                                      build/stm32f4xx_hal.o
HAL_HalfDuplex_EnableReceiver                     build/stm32f4xx_hal_uart.o
HAL_HalfDuplex_EnableTransmitter                  build/stm32f4xx_hal_uart.o
HAL_HalfDuplex_Init                               build/stm32f4xx_hal_uart.o
HAL_IncTick                                       build/stm32f4xx_hal.o
                                                  build/main.o
HAL_Init                                          build/stm32f4xx_hal.o
                                                  build/main.o
HAL_InitTick                                      build/stm32f4xx_hal_timebase_tim.o
                                                  build/stm32f4xx_hal_rcc_ex.o
                                                  build/stm32f4xx_hal_rcc.o
HAL_LIN_Init                                      build/stm32f4xx_hal_uart.o
HAL_LIN_SendBreak                                 build/stm32f4xx_hal_uart.o
HAL_MPU_ConfigRegion                              build/stm32f4xx_hal_cortex.o
HAL_MPU_Disable                                   build/stm32f4xx_hal_cortex.o
HAL_MPU_Enable                                    build/stm32f4xx_hal_cortex.o
HAL_MspDeInit                                     build/stm32f4xx_hal.o
HAL_MspInit                                       build/stm32f4xx_hal_msp.o
HAL_MultiProcessor_EnterMuteMode                  build/stm32f4xx_hal_uart.o
HAL_MultiProcessor_ExitMuteMode                   build/stm32f4xx_hal_uart.o
HAL_MultiProcessor_Init                           build/stm32f4xx_hal_uart.o
HAL_NVIC_ClearPendingIRQ                          build/stm32f4xx_hal_cortex.o
HAL_NVIC_DisableIRQ                               build/stm32f4xx_hal_cortex.o
HAL_NVIC_EnableIRQ                                build/stm32f4xx_hal_cortex.o
                                                  build/stm32f4xx_hal_timebase_tim.o
HAL_NVIC_GetActive                                build/stm32f4xx_hal_cortex.o
HAL_NVIC_GetPendingIRQ                            build/stm32f4xx_hal_cortex.o
HAL_NVIC_GetPriority                              build/stm32f4xx_hal_cortex.o
HAL_NVIC_GetPriorityGrouping                      build/stm32f4xx_hal_cortex.o
HAL_NVIC_SetPendingIRQ                            build/stm32f4xx_hal_cortex.o
HAL_NVIC_SetPriority                              build/stm32f4xx_hal_cortex.o
                                                  build/stm32f4xx_hal.o
                                                  build/stm32f4xx_hal_timebase_tim.o
                                                  build/stm32f4xx_hal_msp.o
HAL_NVIC_SetPriorityGrouping                      build/stm32f4xx_hal_cortex.o
                                                  build/stm32f4xx_hal.o
HAL_NVIC_SystemReset                              build/stm32f4xx_hal_cortex.o
HAL_PWREx_ControlVoltageScaling                   build/stm32f4xx_hal_pwr_ex.o
HAL_PWREx_DisableBkUpReg                          build/stm32f4xx_hal_pwr_ex.o
HAL_PWREx_DisableFlashPowerDown                   build/stm32f4xx_hal_pwr_ex.o
HAL_PWREx_DisableLowRegulatorLowVoltage           build/stm32f4xx_hal_pwr_ex.o
HAL_PWREx_DisableMainRegulatorLowVoltage          build/stm32f4xx_hal_pwr_ex.o
HAL_PWREx_EnableBkUpReg                           build/stm32f4xx_hal_pwr_ex.o
HAL_PWREx_EnableFlashPowerDown                    build/stm32f4xx_hal_pwr_ex.o
HAL_PWREx_EnableLowRegulatorLowVoltage            build/stm32f4xx_hal_pwr_ex.o
HAL_PWREx_EnableMainRegulatorLowVoltage           build/stm32f4xx_hal_pwr_ex.o
HAL_PWREx_GetVoltageRange                         build/stm32f4xx_hal_pwr_ex.o
HAL_PWR_ConfigPVD                                 build/stm32f4xx_hal_pwr.o
HAL_PWR_DeInit                                    build/stm32f4xx_hal_pwr.o
HAL_PWR_DisableBkUpAccess                         build/stm32f4xx_hal_pwr.o
HAL_PWR_DisablePVD                                build/stm32f4xx_hal_pwr.o
HAL_PWR_DisableSEVOnPend                          build/stm32f4xx_hal_pwr.o
HAL_PWR_DisableSleepOnExit                        build/stm32f4xx_hal_pwr.o
HAL_PWR_DisableWakeUpPin                          build/stm32f4xx_hal_pwr.o
HAL_PWR_EnableBkUpAccess                          build/stm32f4xx_hal_pwr.o
HAL_PWR_EnablePVD                                 build/stm32f4xx_hal_pwr.o
HAL_PWR_EnableSEVOnPend                           build/stm32f4xx_hal_pwr.o
HAL_PWR_EnableSleepOnExit                         build/stm32f4xx_hal_pwr.o
HAL_PWR_EnableWakeUpPin                           build/stm32f4xx_hal_pwr.o
HAL_PWR_EnterSLEEPMode                            build/stm32f4xx_hal_pwr.o
HAL_PWR_EnterSTANDBYMode                          build/stm32f4xx_hal_pwr.o
HAL_PWR_EnterSTOPMode                             build/stm32f4xx_hal_pwr.o
HAL_PWR_PVDCallback                               build/stm32f4xx_hal_pwr.o
HAL_PWR_PVD_IRQHandler                            build/stm32f4xx_hal_pwr.o
HAL_RCCEx_DisablePLLI2S                           build/stm32f4xx_hal_rcc_ex.o
HAL_RCCEx_EnablePLLI2S                            build/stm32f4xx_hal_rcc_ex.o
HAL_RCCEx_GetPeriphCLKConfig                      build/stm32f4xx_hal_rcc_ex.o
HAL_RCCEx_GetPeriphCLKFreq                        build/stm32f4xx_hal_rcc_ex.o
HAL_RCCEx_PeriphCLKConfig                         build/stm32f4xx_hal_rcc_ex.o
HAL_RCC_CSSCallback                               build/stm32f4xx_hal_rcc.o
HAL_RCC_ClockConfig                               build/stm32f4xx_hal_rcc.o
                                                  build/main.o
HAL_RCC_DeInit                                    build/stm32f4xx_hal_rcc_ex.o
                                                  build/stm32f4xx_hal_rcc.o
HAL_RCC_DisableCSS                                build/stm32f4xx_hal_rcc.o
HAL_RCC_EnableCSS                                 build/stm32f4xx_hal_rcc.o
HAL_RCC_GetClockConfig                            build/stm32f4xx_hal_rcc.o
                                                  build/stm32f4xx_hal_timebase_tim.o
HAL_RCC_GetHCLKFreq                               build/stm32f4xx_hal_rcc.o
HAL_RCC_GetOscConfig                              build/stm32f4xx_hal_rcc.o
HAL_RCC_GetPCLK1Freq                              build/stm32f4xx_hal_rcc.o
                                                  build/stm32f4xx_hal_uart.o
HAL_RCC_GetPCLK2Freq                              build/stm32f4xx_hal_rcc.o
                                                  build/stm32f4xx_hal_uart.o
                                                  build/stm32f4xx_hal_timebase_tim.o
HAL_RCC_GetSysClockFreq                           build/stm32f4xx_hal_rcc.o
HAL_RCC_MCOConfig                                 build/stm32f4xx_hal_rcc.o
HAL_RCC_NMI_IRQHandler                            build/stm32f4xx_hal_rcc.o
HAL_RCC_OscConfig                                 build/stm32f4xx_hal_rcc.o
                                                  build/main.o
HAL_ResumeTick                                    build/stm32f4xx_hal_timebase_tim.o
HAL_SYSTICK_CLKSourceConfig                       build/stm32f4xx_hal_cortex.o
HAL_SYSTICK_Callback                              build/stm32f4xx_hal_cortex.o
HAL_SYSTICK_Config                                build/stm32f4xx_hal_cortex.o
                                                  build/stm32f4xx_hal.o
HAL_SYSTICK_IRQHandler                            build/stm32f4xx_hal_cortex.o
HAL_SetTickFreq                                   build/stm32f4xx_hal.o
HAL_SuspendTick                                   build/stm32f4xx_hal_timebase_tim.o
HAL_TIMEx_BreakCallback                           build/stm32f4xx_hal_tim_ex.o
                                                  build/stm32f4xx_hal_tim.o
HAL_TIMEx_CommutCallback                          build/stm32f4xx_hal_tim_ex.o
                                                  build/stm32f4xx_hal_tim.o
HAL_TIMEx_CommutHalfCpltCallback                  build/stm32f4xx_hal_tim_ex.o
HAL_TIMEx_ConfigBreakDeadTime                     build/stm32f4xx_hal_tim_ex.o
HAL_TIMEx_ConfigCommutEvent                       build/stm32f4xx_hal_tim_ex.o
HAL_TIMEx_ConfigCommutEvent_DMA                   build/stm32f4xx_hal_tim_ex.o
HAL_TIMEx_ConfigCommutEvent_IT                    build/stm32f4xx_hal_tim_ex.o
HAL_TIMEx_HallSensor_DeInit                       build/stm32f4xx_hal_tim_ex.o
HAL_TIMEx_HallSensor_GetState                     build/stm32f4xx_hal_tim_ex.o
HAL_TIMEx_HallSensor_Init                         build/stm32f4xx_hal_tim_ex.o
HAL_TIMEx_HallSensor_MspDeInit                    build/stm32f4xx_hal_tim_ex.o
HAL_TIMEx_HallSensor_MspInit                      build/stm32f4xx_hal_tim_ex.o
HAL_TIMEx_HallSensor_Start                        build/stm32f4xx_hal_tim_ex.o
HAL_TIMEx_HallSensor_Start_DMA                    build/stm32f4xx_hal_tim_ex.o
HAL_TIMEx_HallSensor_Start_IT                     build/stm32f4xx_hal_tim_ex.o
HAL_TIMEx_HallSensor_Stop                         build/stm32f4xx_hal_tim_ex.o
HAL_TIMEx_HallSensor_Stop_DMA                     build/stm32f4xx_hal_tim_ex.o
HAL_TIMEx_HallSensor_Stop_IT                      build/stm32f4xx_hal_tim_ex.o
HAL_TIMEx_MasterConfigSynchronization             build/stm32f4xx_hal_tim_ex.o
HAL_TIMEx_OCN_Start                               build/stm32f4xx_hal_tim_ex.o
HAL_TIMEx_OCN_Start_DMA                           build/stm32f4xx_hal_tim_ex.o
HAL_TIMEx_OCN_Start_IT                            build/stm32f4xx_hal_tim_ex.o
HAL_TIMEx_OCN_Stop                                build/stm32f4xx_hal_tim_ex.o
HAL_TIMEx_OCN_Stop_DMA                            build/stm32f4xx_hal_tim_ex.o
HAL_TIMEx_OCN_Stop_IT                             build/stm32f4xx_hal_tim_ex.o
HAL_TIMEx_OnePulseN_Start                         build/stm32f4xx_hal_tim_ex.o
HAL_TIMEx_OnePulseN_Start_IT                      build/stm32f4xx_hal_tim_ex.o
HAL_TIMEx_OnePulseN_Stop                          build/stm32f4xx_hal_tim_ex.o
HAL_TIMEx_OnePulseN_Stop_IT                       build/stm32f4xx_hal_tim_ex.o
HAL_TIMEx_PWMN_Start                              build/stm32f4xx_hal_tim_ex.o
HAL_TIMEx_PWMN_Start_DMA                          build/stm32f4xx_hal_tim_ex.o
HAL_TIMEx_PWMN_Start_IT                           build/stm32f4xx_hal_tim_ex.o
HAL_TIMEx_PWMN_Stop                               build/stm32f4xx_hal_tim_ex.o
HAL_TIMEx_PWMN_Stop_DMA                           build/stm32f4xx_hal_tim_ex.o
HAL_TIMEx_PWMN_Stop_IT                            build/stm32f4xx_hal_tim_ex.o
HAL_TIMEx_RemapConfig                             build/stm32f4xx_hal_tim_ex.o
HAL_TIM_Base_DeInit                               build/stm32f4xx_hal_tim.o
HAL_TIM_Base_GetState                             build/stm32f4xx_hal_tim.o
HAL_TIM_Base_Init                                 build/stm32f4xx_hal_tim.o
                                                  build/stm32f4xx_hal_timebase_tim.o
HAL_TIM_Base_MspDeInit                            build/stm32f4xx_hal_tim.o
HAL_TIM_Base_MspInit                              build/stm32f4xx_hal_tim.o
HAL_TIM_Base_Start                                build/stm32f4xx_hal_tim.o
HAL_TIM_Base_Start_DMA                            build/stm32f4xx_hal_tim.o
HAL_TIM_Base_Start_IT                             build/stm32f4xx_hal_tim.o
                                                  build/stm32f4xx_hal_timebase_tim.o